Component: ARM Compiler 5.05 update 1 (build 106) Tool: armlink [4d0efa]

==============================================================================

Section Cross References

    stm32f10x_adc.o(i.ADC_DeInit) refers to stm32f10x_rcc.o(i.RCC_APB2PeriphResetCmd) for RCC_APB2PeriphResetCmd
    stm32f10x_bkp.o(i.BKP_DeInit) refers to stm32f10x_rcc.o(i.RCC_BackupResetCmd) for RCC_BackupResetCmd
    stm32f10x_can.o(i.CAN_DeInit) refers to stm32f10x_rcc.o(i.RCC_APB1PeriphResetCmd) for RCC_APB1PeriphResetCmd
    stm32f10x_can.o(i.CAN_GetITStatus) refers to stm32f10x_can.o(i.CheckITStatus) for CheckITStatus
    stm32f10x_cec.o(i.CEC_DeInit) refers to stm32f10x_rcc.o(i.RCC_APB1PeriphResetCmd) for RCC_APB1PeriphResetCmd
    stm32f10x_dac.o(i.DAC_DeInit) refers to stm32f10x_rcc.o(i.RCC_APB1PeriphResetCmd) for RCC_APB1PeriphResetCmd
    stm32f10x_flash.o(i.FLASH_EnableWriteProtection) refers to stm32f10x_flash.o(i.FLASH_WaitForLastOperation) for FLASH_WaitForLastOperation
    stm32f10x_flash.o(i.FLASH_EraseAllBank1Pages) refers to stm32f10x_flash.o(i.FLASH_WaitForLastBank1Operation) for FLASH_WaitForLastBank1Operation
    stm32f10x_flash.o(i.FLASH_EraseAllPages) refers to stm32f10x_flash.o(i.FLASH_WaitForLastOperation) for FLASH_WaitForLastOperation
    stm32f10x_flash.o(i.FLASH_EraseOptionBytes) refers to stm32f10x_flash.o(i.FLASH_GetReadOutProtectionStatus) for FLASH_GetReadOutProtectionStatus
    stm32f10x_flash.o(i.FLASH_EraseOptionBytes) refers to stm32f10x_flash.o(i.FLASH_WaitForLastOperation) for FLASH_WaitForLastOperation
    stm32f10x_flash.o(i.FLASH_ErasePage) refers to stm32f10x_flash.o(i.FLASH_WaitForLastOperation) for FLASH_WaitForLastOperation
    stm32f10x_flash.o(i.FLASH_ProgramHalfWord) refers to stm32f10x_flash.o(i.FLASH_WaitForLastOperation) for FLASH_WaitForLastOperation
    stm32f10x_flash.o(i.FLASH_ProgramOptionByteData) refers to stm32f10x_flash.o(i.FLASH_WaitForLastOperation) for FLASH_WaitForLastOperation
    stm32f10x_flash.o(i.FLASH_ProgramWord) refers to stm32f10x_flash.o(i.FLASH_WaitForLastOperation) for FLASH_WaitForLastOperation
    stm32f10x_flash.o(i.FLASH_ReadOutProtection) refers to stm32f10x_flash.o(i.FLASH_WaitForLastOperation) for FLASH_WaitForLastOperation
    stm32f10x_flash.o(i.FLASH_UserOptionByteConfig) refers to stm32f10x_flash.o(i.FLASH_WaitForLastOperation) for FLASH_WaitForLastOperation
    stm32f10x_flash.o(i.FLASH_WaitForLastBank1Operation) refers to stm32f10x_flash.o(i.FLASH_GetBank1Status) for FLASH_GetBank1Status
    stm32f10x_flash.o(i.FLASH_WaitForLastOperation) refers to stm32f10x_flash.o(i.FLASH_GetBank1Status) for FLASH_GetBank1Status
    stm32f10x_gpio.o(i.GPIO_AFIODeInit) refers to stm32f10x_rcc.o(i.RCC_APB2PeriphResetCmd) for RCC_APB2PeriphResetCmd
    stm32f10x_gpio.o(i.GPIO_DeInit) refers to stm32f10x_rcc.o(i.RCC_APB2PeriphResetCmd) for RCC_APB2PeriphResetCmd
    stm32f10x_i2c.o(i.I2C_DeInit) refers to stm32f10x_rcc.o(i.RCC_APB1PeriphResetCmd) for RCC_APB1PeriphResetCmd
    stm32f10x_i2c.o(i.I2C_Init) refers to stm32f10x_rcc.o(i.RCC_GetClocksFreq) for RCC_GetClocksFreq
    stm32f10x_pwr.o(i.PWR_DeInit) refers to stm32f10x_rcc.o(i.RCC_APB1PeriphResetCmd) for RCC_APB1PeriphResetCmd
    stm32f10x_rcc.o(i.RCC_GetClocksFreq) refers to stm32f10x_rcc.o(.data) for APBAHBPrescTable
    stm32f10x_rcc.o(i.RCC_WaitForHSEStartUp) refers to stm32f10x_rcc.o(i.RCC_GetFlagStatus) for RCC_GetFlagStatus
    stm32f10x_rtc.o(i.RTC_SetAlarm) refers to stm32f10x_rtc.o(i.RTC_EnterConfigMode) for RTC_EnterConfigMode
    stm32f10x_rtc.o(i.RTC_SetAlarm) refers to stm32f10x_rtc.o(i.RTC_ExitConfigMode) for RTC_ExitConfigMode
    stm32f10x_rtc.o(i.RTC_SetCounter) refers to stm32f10x_rtc.o(i.RTC_EnterConfigMode) for RTC_EnterConfigMode
    stm32f10x_rtc.o(i.RTC_SetCounter) refers to stm32f10x_rtc.o(i.RTC_ExitConfigMode) for RTC_ExitConfigMode
    stm32f10x_rtc.o(i.RTC_SetPrescaler) refers to stm32f10x_rtc.o(i.RTC_EnterConfigMode) for RTC_EnterConfigMode
    stm32f10x_rtc.o(i.RTC_SetPrescaler) refers to stm32f10x_rtc.o(i.RTC_ExitConfigMode) for RTC_ExitConfigMode
    stm32f10x_spi.o(i.I2S_Init) refers to stm32f10x_rcc.o(i.RCC_GetClocksFreq) for RCC_GetClocksFreq
    stm32f10x_spi.o(i.SPI_I2S_DeInit) refers to stm32f10x_rcc.o(i.RCC_APB2PeriphResetCmd) for RCC_APB2PeriphResetCmd
    stm32f10x_spi.o(i.SPI_I2S_DeInit) refers to stm32f10x_rcc.o(i.RCC_APB1PeriphResetCmd) for RCC_APB1PeriphResetCmd
    stm32f10x_tim.o(i.TIM_DeInit) refers to stm32f10x_rcc.o(i.RCC_APB2PeriphResetCmd) for RCC_APB2PeriphResetCmd
    stm32f10x_tim.o(i.TIM_DeInit) refers to stm32f10x_rcc.o(i.RCC_APB1PeriphResetCmd) for RCC_APB1PeriphResetCmd
    stm32f10x_tim.o(i.TIM_ETRClockMode1Config) refers to stm32f10x_tim.o(i.TIM_ETRConfig) for TIM_ETRConfig
    stm32f10x_tim.o(i.TIM_ETRClockMode2Config) refers to stm32f10x_tim.o(i.TIM_ETRConfig) for TIM_ETRConfig
    stm32f10x_tim.o(i.TIM_ICInit) refers to stm32f10x_tim.o(i.TI1_Config) for TI1_Config
[...]
    SetSysClockTo72                          0x08002769   Thumb Code   214  system_stm32f10x.o(i.SetSysClockTo72)
    i.Show_plan                              0x08002848   Section        0  ui.o(i.Show_plan)
    i.Show_task                              0x08002940   Section        0  ui.o(i.Show_task)
    i.Show_time                              0x080029f0   Section        0  ui.o(i.Show_time)
    i.Show_timing                            0x08002b3c   Section        0  ui.o(i.Show_timing)
    i.Show_use                               0x08002c00   Section        0  ui.o(i.Show_use)
    i.SysTick_CLKSourceConfig                0x08002cf0   Section        0  misc.o(i.SysTick_CLKSourceConfig)
    i.SysTick_Handler                        0x08002d18   Section        0  stm32f10x_it.o(i.SysTick_Handler)
    i.SystemInit                             0x08002d28   Section        0  system_stm32f10x.o(i.SystemInit)
    i.TI1_Config                             0x08002d88   Section        0  stm32f10x_tim.o(i.TI1_Config)
    TI1_Config                               0x08002d89   Thumb Code   108  stm32f10x_tim.o(i.TI1_Config)
    i.TI2_Config                             0x08002e08   Section        0  stm32f10x_tim.o(i.TI2_Config)
    TI2_Config                               0x08002e09   Thumb Code   130  stm32f10x_tim.o(i.TI2_Config)
    i.TI3_Config                             0x08002ea0   Section        0  stm32f10x_tim.o(i.TI3_Config)
    TI3_Config                               0x08002ea1   Thumb Code   122  stm32f10x_tim.o(i.TI3_Config)
    i.TI4_Config                             0x08002f30   Section        0  stm32f10x_tim.o(i.TI4_Config)
    TI4_Config                               0x08002f31   Thumb Code   130  stm32f10x_tim.o(i.TI4_Config)
    i.TIM3_IRQHandler                        0x08002fc8   Section        0  pwm_in.o(i.TIM3_IRQHandler)
    i.TIM3_PWM_Init                          0x08002ffc   Section        0  pwm_in.o(i.TIM3_PWM_Init)
    i.TIM5_IN_Init                           0x0800308c   Section        0  pwm_in.o(i.TIM5_IN_Init)
    i.TIM5_IRQHandler                        0x08003134   Section        0  pwm_in.o(i.TIM5_IRQHandler)
    i.TIM_ARRPreloadConfig                   0x080031c0   Section        0  stm32f10x_tim.o(i.TIM_ARRPreloadConfig)
    i.TIM_ClearITPendingBit                  0x080031d8   Section        0  stm32f10x_tim.o(i.TIM_ClearITPendingBit)
    i.TIM_Cmd                                0x080031de   Section        0  stm32f10x_tim.o(i.TIM_Cmd)
    i.TIM_GetITStatus                        0x080031f6   Section        0  stm32f10x_tim.o(i.TIM_GetITStatus)
    i.TIM_ICInit                             0x08003218   Section        0  stm32f10x_tim.o(i.TIM_ICInit)
    i.TIM_ITConfig                           0x080032c4   Section        0  stm32f10x_tim.o(i.TIM_ITConfig)
    i.TIM_OC3Init                            0x080032d8   Section        0  stm32f10x_tim.o(i.TIM_OC3Init)
    i.TIM_OC3PreloadConfig                   0x08003378   Section        0  stm32f10x_tim.o(i.TIM_OC3PreloadConfig)
    i.TIM_SetIC1Prescaler                    0x0800338a   Section        0  stm32f10x_tim.o(i.TIM_SetIC1Prescaler)
    i.TIM_SetIC2Prescaler                    0x0800339c   Section        0  stm32f10x_tim.o(i.TIM_SetIC2Prescaler)
    i.TIM_SetIC3Prescaler                    0x080033b6   Section        0  stm32f10x_tim.o(i.TIM_SetIC3Prescaler)
    i.TIM_SetIC4Prescaler                    0x080033c8   Section        0  stm32f10x_tim.o(i.TIM_SetIC4Prescaler)
    i.TIM_TimeBaseInit                       0x080033e4   Section        0  stm32f10x_tim.o(i.TIM_TimeBaseInit)
    i.USART1_IRQHandler                      0x08003488   Section        0  usart.o(i.USART1_IRQHandler)
    i.USART_Cmd                              0x080034a4   Section        0  stm32f10x_usart.o(i.USART_Cmd)
    i.USART_GetITStatus                      0x080034bc   Section        0  stm32f10x_usart.o(i.USART_GetITStatus)
    i.USART_ITConfig                         0x08003510   Section        0  stm32f10x_usart.o(i.USART_ITConfig)
    i.USART_Init                             0x0800355c   Section        0  stm32f10x_usart.o(i.USART_Init)
    i.USART_ReceiveData                      0x08003634   Section        0  stm32f10x_usart.o(i.USART_ReceiveData)
    i.UsageFault_Handler                     0x0800363e   Section        0  stm32f10x_it.o(i.UsageFault_Handler)
    i.__ARM_fpclassify                       0x08003642   Section        0  fpclassify.o(i.__ARM_fpclassify)
    i._init_                                 0x0800366c   Section        0  main.o(i._init_)
    i._sys_exit                              0x08003738   Section        0  usart.o(i._sys_exit)
    i.clear_cursor                           0x08003740   Section        0  ui.o(i.clear_cursor)
    i.cursor                                 0x0800382c   Section        0  ui.o(i.cursor)
    i.delay_init                             0x080039d8   Section        0  delay.o(i.delay_init)
    i.delay_ms                               0x08003a34   Section        0  delay.o(i.delay_ms)
    i.delay_us                               0x08003a78   Section        0  delay.o(i.delay_us)
    i.fputc                                  0x08003ac4   Section        0  usart.o(i.fputc)
    i.key_scan                               0x08003ae0   Section        0  key.o(i.key_scan)
    i.main                                   0x08003f3c   Section        0  main.o(i.main)
    i.prvAddCurrentTaskToDelayedList         0x08003f74   Section        0  tasks.o(i.prvAddCurrentTaskToDelayedList)
    prvAddCurrentTaskToDelayedList           0x08003f75   Thumb Code   124  tasks.o(i.prvAddCurrentTaskToDelayedList)
    i.prvAddNewTaskToReadyList               0x0800400c   Section        0  tasks.o(i.prvAddNewTaskToReadyList)
    prvAddNewTaskToReadyList                 0x0800400d   Thumb Code   156  tasks.o(i.prvAddNewTaskToReadyList)
    i.prvCheckTasksWaitingTermination        0x080040c4   Section        0  tasks.o(i.prvCheckTasksWaitingTermination)
    prvCheckTasksWaitingTermination          0x080040c5   Thumb Code    86  tasks.o(i.prvCheckTasksWaitingTermination)
    i.prvDeleteTCB                           0x08004128   Section        0  tasks.o(i.prvDeleteTCB)
    prvDeleteTCB                             0x08004129   Thumb Code    18  tasks.o(i.prvDeleteTCB)
    i.prvHeapInit                            0x0800413c   Section        0  heap_4.o(i.prvHeapInit)
    prvHeapInit                              0x0800413d   Thumb Code    98  heap_4.o(i.prvHeapInit)
    i.prvIdleTask                            0x080041b8   Section        0  tasks.o(i.prvIdleTask)
    prvIdleTask                              0x080041b9   Thumb Code    32  tasks.o(i.prvIdleTask)
    i.prvInitialiseNewTask                   0x080041e0   Section        0  tasks.o(i.prvInitialiseNewTask)
    prvInitialiseNewTask                     0x080041e1   Thumb Code   180  tasks.o(i.prvInitialiseNewTask)
    i.prvInitialiseTaskLists                 0x08004294   Section        0  tasks.o(i.prvInitialiseTaskLists)
    prvInitialiseTaskLists                   0x08004295   Thumb Code    70  tasks.o(i.prvInitialiseTaskLists)
    i.prvInsertBlockIntoFreeList             0x080042fc   Section        0  heap_4.o(i.prvInsertBlockIntoFreeList)
    prvInsertBlockIntoFreeList               0x080042fd   Thumb Code    96  heap_4.o(i.prvInsertBlockIntoFreeList)
    i.prvResetNextTaskUnblockTime            0x08004364   Section        0  tasks.o(i.prvResetNextTaskUnblockTime)
    prvResetNextTaskUnblockTime              0x08004365   Thumb Code    42  tasks.o(i.prvResetNextTaskUnblockTime)
    i.prvTaskExitError                       0x08004398   Section        0  port.o(i.prvTaskExitError)
    prvTaskExitError                         0x08004399   Thumb Code    60  port.o(i.prvTaskExitError)
    i.pvPortMalloc                           0x080043d8   Section        0  heap_4.o(i.pvPortMalloc)
    i.pxPortInitialiseStack                  0x08004514   Section        0  port.o(i.pxPortInitialiseStack)
    i.show_num_32                            0x08004538   Section        0  gui.o(i.show_num_32)
    i.start_task                             0x08004584   Section        0  main.o(i.start_task)
    i.time_show                              0x08004618   Section        0  ui.o(i.time_show)
    i.uart_init                              0x08004684   Section        0  usart.o(i.uart_init)
    i.uxListRemove                           0x08004728   Section        0  list.o(i.uxListRemove)
    i.vListInitialise                        0x08004750   Section        0  list.o(i.vListInitialise)
    i.vListInitialiseItem                    0x0800476a   Section        0  list.o(i.vListInitialiseItem)
    i.vListInsert                            0x08004770   Section        0  list.o(i.vListInsert)
    i.vListInsertEnd                         0x080047a4   Section        0  list.o(i.vListInsertEnd)
    i.vPortEnterCritical                     0x080047bc   Section        0  port.o(i.vPortEnterCritical)
    i.vPortExitCritical                      0x08004810   Section        0  port.o(i.vPortExitCritical)
    i.vPortFree                              0x0800484c   Section        0  heap_4.o(i.vPortFree)
    i.vPortSetupTimerInterrupt               0x080048e0   Section        0  port.o(i.vPortSetupTimerInterrupt)
    i.vTaskDelay                             0x08004900   Section        0  tasks.o(i.vTaskDelay)
    i.vTaskDelete                            0x0800495c   Section        0  tasks.o(i.vTaskDelete)
    i.vTaskStartScheduler                    0x08004a50   Section        0  tasks.o(i.vTaskStartScheduler)
    i.vTaskSuspendAll                        0x08004ad8   Section        0  tasks.o(i.vTaskSuspendAll)
    i.vTaskSwitchContext                     0x08004ae8   Section        0  tasks.o(i.vTaskSwitchContext)
    i.xPortStartScheduler                    0x08004b74   Section        0  port.o(i.xPortStartScheduler)
    i.xPortSysTickHandler                    0x08004c14   Section        0  port.o(i.xPortSysTickHandler)
    i.xTaskCreate                            0x08004c48   Section        0  tasks.o(i.xTaskCreate)
    i.xTaskGetSchedulerState                 0x08004ca8   Section        0  tasks.o(i.xTaskGetSchedulerState)
    i.xTaskIncrementTick                     0x08004cc8   Section        0  tasks.o(i.xTaskIncrementTick)
    i.xTaskResumeAll                         0x08004e10   Section        0  tasks.o(i.xTaskResumeAll)
    locale$$code                             0x08004f14   Section       44  lc_numeric_c.o(locale$$code)
    x$fpl$dretinf                            0x08004f40   Section       12  dretinf.o(x$fpl$dretinf)
    x$fpl$f2d                                0x08004f4c   Section       86  f2d.o(x$fpl$f2d)
    x$fpl$fadd                               0x08004fa4   Section      196  faddsub_clz.o(x$fpl$fadd)
    _fadd1                                   0x08004fb3   Thumb Code     0  faddsub_clz.o(x$fpl$fadd)
    x$fpl$fdiv                               0x08005068   Section      388  fdiv.o(x$fpl$fdiv)
    _fdiv1                                   0x08005069   Thumb Code     0  fdiv.o(x$fpl$fdiv)
    x$fpl$ffixu                              0x080051ec   Section       62  ffixu.o(x$fpl$ffixu)
    x$fpl$ffltu                              0x0800522c   Section       38  fflt_clz.o(x$fpl$ffltu)
    x$fpl$fmul                               0x08005254   Section      258  fmul.o(x$fpl$fmul)
    x$fpl$fnaninf                            0x08005356   Section      140  fnaninf.o(x$fpl$fnaninf)
    x$fpl$fretinf                            0x080053e2   Section       10  fretinf.o(x$fpl$fretinf)
    x$fpl$fsub                               0x080053ec   Section      234  faddsub_clz.o(x$fpl$fsub)
    _fsub1                                   0x080053fb   Thumb Code     0  faddsub_clz.o(x$fpl$fsub)
    x$fpl$printf1                            0x080054d6   Section        4  printf1.o(x$fpl$printf1)
    .constdata                               0x080054da   Section    13140  gui.o(.constdata)
    x$fpl$usenofp                            0x080054da   Section        0  usenofp.o(x$fpl$usenofp)
    .constdata                               0x0800882e   Section       24  rtc.o(.constdata)
    .constdata                               0x08008848   Section      148  bigflt0.o(.constdata)
    tenpwrs_x                                0x08008848   Data          60  bigflt0.o(.constdata)
    tenpwrs_i                                0x08008884   Data          64  bigflt0.o(.constdata)
    locale$$data                             0x080088fc   Section       28  lc_numeric_c.o(locale$$data)
    __lcnum_c_name                           0x08008900   Data           2  lc_numeric_c.o(locale$$data)
    __lcnum_c_start                          0x08008908   Data           0  lc_numeric_c.o(locale$$data)
    __lcnum_c_point                          0x08008914   Data           0  lc_numeric_c.o(locale$$data)
    __lcnum_c_thousands                      0x08008916   Data           0  lc_numeric_c.o(locale$$data)
    __lcnum_c_grouping                       0x08008917   Data           0  lc_numeric_c.o(locale$$data)
    __lcnum_c_end                            0x08008918   Data           0  lc_numeric_c.o(locale$$data)
    .data                                    0x20000000   Section       20  stm32f10x_rcc.o(.data)
    APBAHBPrescTable                         0x20000000   Data          16  stm32f10x_rcc.o(.data)
    ADCPrescTable                            0x20000010   Data           4  stm32f10x_rcc.o(.data)
    .data                                    0x20000014   Section       20  system_stm32f10x.o(.data)
    .data                                    0x20000028   Section        4  delay.o(.data)
    fac_us                                   0x20000028   Data           1  delay.o(.data)
    fac_ms                                   0x2000002a   Data           2  delay.o(.data)
    .data                                    0x2000002c   Section        8  led.o(.data)
    .data                                    0x20000034   Section        6  usart.o(.data)
    .data                                    0x2000003c   Section        8  key.o(.data)
    .data                                    0x20000044   Section       39  ui.o(.data)
    .data                                    0x2000006c   Section        2  rtc.o(.data)
    daycnt                                   0x2000006c   Data           2  rtc.o(.data)
    .data                                    0x20000070   Section       17  pwm_in.o(.data)
    .data                                    0x20000084   Section        4  main.o(.data)
    .data                                    0x20000088   Section       60  tasks.o(.data)
    pxDelayedTaskList                        0x2000008c   Data           4  tasks.o(.data)
    pxOverflowDelayedTaskList                0x20000090   Data           4  tasks.o(.data)
    uxDeletedTasksWaitingCleanUp             0x20000094   Data           4  tasks.o(.data)
    uxCurrentNumberOfTasks                   0x20000098   Data           4  tasks.o(.data)
    xTickCount                               0x2000009c   Data           4  tasks.o(.data)
    uxTopReadyPriority                       0x200000a0   Data           4  tasks.o(.data)
    xSchedulerRunning                        0x200000a4   Data           4  tasks.o(.data)
    uxPendedTicks                            0x200000a8   Data           4  tasks.o(.data)
    xYieldPending                            0x200000ac   Data           4  tasks.o(.data)
    xNumOfOverflows                          0x200000b0   Data           4  tasks.o(.data)
    uxTaskNumber                             0x200000b4   Data           4  tasks.o(.data)
    xNextTaskUnblockTime                     0x200000b8   Data           4  tasks.o(.data)
    xIdleTaskHandle                          0x200000bc   Data           4  tasks.o(.data)
    uxSchedulerSuspended                     0x200000c0   Data           4  tasks.o(.data)
    .data                                    0x200000c4   Section       12  port.o(.data)
    uxCriticalNesting                        0x200000c4   Data           4  port.o(.data)
    ucMaxSysCallPriority                     0x200000c8   Data           1  port.o(.data)
    ulMaxPRIGROUPValue                       0x200000cc   Data           4  port.o(.data)
    .data                                    0x200000d0   Section       24  heap_4.o(.data)
    xStart                                   0x200000d0   Data           8  heap_4.o(.data)
    pxEnd                                    0x200000d8   Data           4  heap_4.o(.data)
    xFreeBytesRemaining                      0x200000dc   Data           4  heap_4.o(.data)
    xMinimumEverFreeBytesRemaining           0x200000e0   Data           4  heap_4.o(.data)
    xBlockAllocatedBit                       0x200000e4   Data           4  heap_4.o(.data)
    .bss                                     0x200000e8   Section       40  key.o(.bss)
    .bss                                     0x20000110   Section      120  ui.o(.bss)
    .bss                                     0x20000188   Section       10  rtc.o(.bss)
    .bss                                     0x20000192   Section       10  pwm_in.o(.bss)
    .bss                                     0x2000019c   Section      240  tasks.o(.bss)
    pxReadyTasksLists                        0x2000019c   Data         140  tasks.o(.bss)
    xDelayedTaskList1                        0x20000228   Data          20  tasks.o(.bss)
    xDelayedTaskList2                        0x2000023c   Data          20  tasks.o(.bss)
    xPendingReadyList                        0x20000250   Data          20  tasks.o(.bss)
    xTasksWaitingTermination                 0x20000264   Data          20  tasks.o(.bss)
    xSuspendedTaskList                       0x20000278   Data          20  tasks.o(.bss)
    .bss                                     0x2000028c   Section    15360  heap_4.o(.bss)
    ucHeap                                   0x2000028c   Data       15360  heap_4.o(.bss)
    .bss                                     0x20003e8c   Section       96  libspace.o(.bss)
    HEAP                                     0x20003ef0   Section      512  startup_stm32f10x_hd.o(HEAP)
    Heap_Mem                                 0x20003ef0   Data         512  startup_stm32f10x_hd.o(HEAP)
    STACK                                    0x200040f0   Section     1024  startup_stm32f10x_hd.o(STACK)
    Stack_Mem                                0x200040f0   Data        1024  startup_stm32f10x_hd.o(STACK)
    __initial_sp                             0x200044f0   Data           0  startup_stm32f10x_hd.o(STACK)

    Global Symbols

    Symbol Name                              Value     Ov Type        Size  Object(Section)

    BuildAttributes$$THM_ISAv4$P$D$K$B$S$PE$A:L22UL41UL21$X:L11$S22US41US21$IEEE1$IW$USESV6$~STKCKD$USESV7$~SHL$OTIME$ROPI$IEEEJ$EBA8$UX$STANDARDLIB$REQ8$PRES8$EABIv2 0x00000000   Number         0  anon$$obj.o ABSOLUTE
    __ARM_use_no_argv                        0x00000000   Number         0  main.o ABSOLUTE
    __ARM_exceptions_init                     - Undefined Weak Reference
    __alloca_initialize                       - Undefined Weak Reference
    __arm_preinit_                            - Undefined Weak Reference
    __cpp_initialize__aeabi_                  - Undefined Weak Reference
    __cxa_finalize                            - Undefined Weak Reference
    __sigvec_lookup                           - Undefined Weak Reference
    _atexit_init                              - Undefined Weak Reference
    _call_atexit_fns                          - Undefined Weak Reference
    _clock_init                               - Undefined Weak Reference
    _fp_trap_init                             - Undefined Weak Reference
    _fp_trap_shutdown                         - Undefined Weak Reference
    _get_lc_collate                           - Undefined Weak Reference
    _get_lc_ctype                             - Undefined Weak Reference
    _get_lc_monetary                          - Undefined Weak Reference
    _get_lc_time                              - Undefined Weak Reference
    _getenv_init                              - Undefined Weak Reference
    _handle_redirection                       - Undefined Weak Reference
    _init_alloc                               - Undefined Weak Reference
    _init_user_alloc                          - Undefined Weak Reference
    _initio                                   - Undefined Weak Reference
    _mutex_acquire                            - Undefined Weak Reference
    _mutex_release                            - Undefined Weak Reference
    _printf_post_padding                      - Undefined Weak Reference
    _printf_pre_padding                       - Undefined Weak Reference
    _rand_init                                - Undefined Weak Reference
    _signal_finish                            - Undefined Weak Reference
    _signal_init                              - Undefined Weak Reference
    _terminate_alloc                          - Undefined Weak Reference
    _terminate_user_alloc                     - Undefined Weak Reference
    _terminateio                              - Undefined Weak Reference
    __Vectors_Size                           0x00000130   Number         0  startup_stm32f10x_hd.o ABSOLUTE
    __Vectors                                0x08000000   Data           4  startup_stm32f10x_hd.o(RESET)
    __Vectors_End                            0x08000130   Data           0  startup_stm32f10x_hd.o(RESET)
    __main                                   0x08000131   Thumb Code     8  __main.o(!!!main)
    __scatterload                            0x08000139   Thumb Code     0  __scatter.o(!!!scatter)
    __scatterload_rt2                        0x08000139   Thumb Code    44  __scatter.o(!!!scatter)
    __scatterload_rt2_thumb_only             0x08000139   Thumb Code     0  __scatter.o(!!!scatter)
    __scatterload_null                       0x08000147   Thumb Code     0  __scatter.o(!!!scatter)
    __scatterload_copy                       0x0800016d   Thumb Code    26  __scatter_copy.o(!!handler_copy)
    __scatterload_zeroinit                   0x08000189   Thumb Code    28  __scatter_zi.o(!!handler_zi)
    _printf_e                                0x080001a5   Thumb Code     0  _printf_e.o(.ARM.Collect$$_printf_percent$$00000004)
    _printf_percent                          0x080001a5   Thumb Code     0  _printf_percent.o(.ARM.Collect$$_printf_percent$$00000000)
    _printf_percent_end                      0x080001ab   Thumb Code     0  _printf_percent_end.o(.ARM.Collect$$_printf_percent$$00000017)
    __rt_lib_init                            0x080001af   Thumb Code     0  libinit.o(.ARM.Collect$$libinit$$00000000)
    __rt_lib_init_fp_1                       0x080001b1   Thumb Code     0  libinit2.o(.ARM.Collect$$libinit$$00000002)
    __rt_lib_init_heap_1                     0x080001b1   Thumb Code     0  libinit2.o(.ARM.Collect$$libinit$$0000000A)
    __rt_lib_init_lc_common                  0x080001b1   Thumb Code     0  libinit2.o(.ARM.Collect$$libinit$$0000000F)
    __rt_lib_init_preinit_1                  0x080001b1   Thumb Code     0  libinit2.o(.ARM.Collect$$libinit$$00000004)
    __rt_lib_init_rand_1                     0x080001b1   Thumb Code     0  libinit2.o(.ARM.Collect$$libinit$$0000000E)
    __rt_lib_init_user_alloc_1               0x080001b1   Thumb Code     0  libinit2.o(.ARM.Collect$$libinit$$0000000C)
    __rt_lib_init_lc_collate_1               0x080001b7   Thumb Code     0  libinit2.o(.ARM.Collect$$libinit$$00000011)
    __rt_lib_init_lc_ctype_1                 0x080001b7   Thumb Code     0  libinit2.o(.ARM.Collect$$libinit$$00000013)
    __rt_lib_init_lc_monetary_1              0x080001b7   Thumb Code     0  libinit2.o(.ARM.Collect$$libinit$$00000015)
    __rt_lib_init_lc_numeric_2               0x080001b7   Thumb Code     0  libinit2.o(.ARM.Collect$$libinit$$00000016)
    __rt_lib_init_alloca_1                   0x080001c1   Thumb Code     0  libinit2.o(.ARM.Collect$$libinit$$0000002E)
    __rt_lib_init_argv_1                     0x080001c1   Thumb Code     0  libinit2.o(.ARM.Collect$$libinit$$0000002C)
    __rt_lib_init_atexit_1                   0x080001c1   Thumb Code     0  libinit2.o(.ARM.Collect$$libinit$$0000001B)
    __rt_lib_init_clock_1                    0x080001c1   Thumb Code     0  libinit2.o(.ARM.Collect$$libinit$$00000021)
    __rt_lib_init_cpp_1                      0x080001c1   Thumb Code     0  libinit2.o(.ARM.Collect$$libinit$$00000032)
    __rt_lib_init_exceptions_1               0x080001c1   Thumb Code     0  libinit2.o(.ARM.Collect$$libinit$$00000030)
    __rt_lib_init_fp_trap_1                  0x080001c1   Thumb Code     0  libinit2.o(.ARM.Collect$$libinit$$0000001F)
    __rt_lib_init_getenv_1                   0x080001c1   Thumb Code     0  libinit2.o(.ARM.Collect$$libinit$$00000023)
    __rt_lib_init_lc_numeric_1               0x080001c1   Thumb Code     0  libinit2.o(.ARM.Collect$$libinit$$00000017)
    __rt_lib_init_lc_time_1                  0x080001c1   Thumb Code     0  libinit2.o(.ARM.Collect$$libinit$$00000019)
    __rt_lib_init_return                     0x080001c1   Thumb Code     0  libinit2.o(.ARM.Collect$$libinit$$00000033)
    __rt_lib_init_signal_1                   0x080001c1   Thumb Code     0  libinit2.o(.ARM.Collect$$libinit$$0000001D)
    __rt_lib_init_stdio_1                    0x080001c1   Thumb Code     0  libinit2.o(.ARM.Collect$$libinit$$00000025)
    __rt_lib_shutdown                        0x080001c3   Thumb Code     0  libshutdown.o(.ARM.Collect$$libshutdown$$00000000)
    __rt_lib_shutdown_fp_trap_1              0x080001c5   Thumb Code     0  libshutdown2.o(.ARM.Collect$$libshutdown$$00000006)
    __rt_lib_shutdown_heap_1                 0x080001c5   Thumb Code     0  libshutdown2.o(.ARM.Collect$$libshutdown$$0000000E)
    __rt_lib_shutdown_return                 0x080001c5   Thumb Code     0  libshutdown2.o(.ARM.Collect$$libshutdown$$0000000F)
    __rt_lib_shutdown_signal_1               0x080001c5   Thumb Code     0  libshutdown2.o(.ARM.Collect$$libshutdown$$00000009)
    __rt_lib_shutdown_stdio_1                0x080001c5   Thumb Code     0  libshutdown2.o(.ARM.Collect$$libshutdown$$00000003)
    __rt_lib_shutdown_user_alloc_1           0x080001c5   Thumb Code     0  libshutdown2.o(.ARM.Collect$$libshutdown$$0000000B)
    __rt_entry                               0x080001c7   Thumb Code     0  __rtentry.o(.ARM.Collect$$rtentry$$00000000)
    __rt_entry_presh_1                       0x080001c7   Thumb Code     0  __rtentry2.o(.ARM.Collect$$rtentry$$00000002)
    __rt_entry_sh                            0x080001c7   Thumb Code     0  __rtentry4.o(.ARM.Collect$$rtentry$$00000004)
    __rt_entry_li                            0x080001cd   Thumb Code     0  __rtentry2.o(.ARM.Collect$$rtentry$$0000000A)
    __rt_entry_postsh_1                      0x080001cd   Thumb Code     0  __rtentry2.o(.ARM.Collect$$rtentry$$00000009)
    __rt_entry_main                          0x080001d1   Thumb Code     0  __rtentry2.o(.ARM.Collect$$rtentry$$0000000D)
    __rt_entry_postli_1                      0x080001d1   Thumb Code     0  __rtentry2.o(.ARM.Collect$$rtentry$$0000000C)
    __rt_exit                                0x080001d9   Thumb Code     0  rtexit.o(.ARM.Collect$$rtexit$$00000000)
    __rt_exit_ls                             0x080001db   Thumb Code     0  rtexit2.o(.ARM.Collect$$rtexit$$00000003)
    __rt_exit_prels_1                        0x080001db   Thumb Code     0  rtexit2.o(.ARM.Collect$$rtexit$$00000002)
    __rt_exit_exit                           0x080001df   Thumb Code     0  rtexit2.o(.ARM.Collect$$rtexit$$00000004)
    SVC_Handler                              0x080001e5   Thumb Code    32  port.o(.emb_text)
    __asm___6_port_c_39a90d8d__prvStartFirstTask 0x08000209   Thumb Code    28  port.o(.emb_text)
    PendSV_Handler                           0x08000229   Thumb Code    72  port.o(.emb_text)
    vPortGetIPSR                             0x08000275   Thumb Code     6  port.o(.emb_text)
    Reset_Handler                            0x0800027d   Thumb Code     8  startup_stm32f10x_hd.o(.text)
    ADC1_2_IRQHandler                        0x08000297   Thumb Code     0  startup_stm32f10x_hd.o(.text)
    ADC3_IRQHandler                          0x08000297   Thumb Code     0  startup_stm32f10x_hd.o(.text)
    CAN1_RX1_IRQHandler                      0x08000297   Thumb Code     0  startup_stm32f10x_hd.o(.text)
    CAN1_SCE_IRQHandler                      0x08000297   Thumb Code     0  startup_stm32f10x_hd.o(.text)
    DMA1_Channel1_IRQHandler                 0x08000297   Thumb Code     0  startup_stm32f10x_hd.o(.text)
    DMA1_Channel2_IRQHandler                 0x08000297   Thumb Code     0  startup_stm32f10x_hd.o(.text)
    DMA1_Channel3_IRQHandler                 0x08000297   Thumb Code     0  startup_stm32f10x_hd.o(.text)
    DMA1_Channel4_IRQHandler                 0x08000297   Thumb Code     0  startup_stm32f10x_hd.o(.text)
    DMA1_Channel5_IRQHandler                 0x08000297   Thumb Code     0  startup_stm32f10x_hd.o(.text)
    DMA1_Channel6_IRQHandler                 0x08000297   Thumb Code     0  startup_stm32f10x_hd.o(.text)
    DMA1_Channel7_IRQHandler                 0x08000297   Thumb Code     0  startup_stm32f10x_hd.o(.text)
    DMA2_Channel1_IRQHandler                 0x08000297   Thumb Code     0  startup_stm32f10x_hd.o(.text)
    DMA2_Channel2_IRQHandler                 0x08000297   Thumb Code     0  startup_stm32f10x_hd.o(.text)
    DMA2_Channel3_IRQHandler                 0x08000297   Thumb Code     0  startup_stm32f10x_hd.o(.text)
    DMA2_Channel4_5_IRQHandler               0x08000297   Thumb Code     0  startup_stm32f10x_hd.o(.text)
    EXTI0_IRQHandler                         0x08000297   Thumb Code     0  startup_stm32f10x_hd.o(.text)
    EXTI15_10_IRQHandler                     0x08000297   Thumb Code     0  startup_stm32f10x_hd.o(.text)
    EXTI1_IRQHandler                         0x08000297   Thumb Code     0  startup_stm32f10x_hd.o(.text)
    EXTI2_IRQHandler                         0x08000297   Thumb Code     0  startup_stm32f10x_hd.o(.text)
    EXTI3_IRQHandler                         0x08000297   Thumb Code     0  startup_stm32f10x_hd.o(.text)
    EXTI4_IRQHandler                         0x08000297   Thumb Code     0  startup_stm32f10x_hd.o(.text)
    EXTI9_5_IRQHandler                       0x08000297   Thumb Code     0  startup_stm32f10x_hd.o(.text)
    FLASH_IRQHandler                         0x08000297   Thumb Code     0  startup_stm32f10x_hd.o(.text)
    FSMC_IRQHandler                          0x08000297   Thumb Code     0  startup_stm32f10x_hd.o(.text)
    I2C1_ER_IRQHandler                       0x08000297   Thumb Code     0  startup_stm32f10x_hd.o(.text)
    I2C1_EV_IRQHandler                       0x08000297   Thumb Code     0  startup_stm32f10x_hd.o(.text)
    I2C2_ER_IRQHandler                       0x08000297   Thumb Code     0  startup_stm32f10x_hd.o(.text)
    I2C2_EV_IRQHandler                       0x08000297   Thumb Code     0  startup_stm32f10x_hd.o(.text)
    PVD_IRQHandler                           0x08000297   Thumb Code     0  startup_stm32f10x_hd.o(.text)
    RCC_IRQHandler                           0x08000297   Thumb Code     0  startup_stm32f10x_hd.o(.text)
    RTC_Alarm_IRQHandler                     0x08000297   Thumb Code     0  startup_stm32f10x_hd.o(.text)
    SDIO_IRQHandler                          0x08000297   Thumb Code     0  startup_stm32f10x_hd.o(.text)
    SPI1_IRQHandler                          0x08000297   Thumb Code     0  startup_stm32f10x_hd.o(.text)
    SPI2_IRQHandler                          0x08000297   Thumb Code     0  startup_stm32f10x_hd.o(.text)
    SPI3_IRQHandler                          0x08000297   Thumb Code     0  startup_stm32f10x_hd.o(.text)
    TAMPER_IRQHandler                        0x08000297   Thumb Code     0  startup_stm32f10x_hd.o(.text)
    TIM1_BRK_IRQHandler                      0x08000297   Thumb Code     0  startup_stm32f10x_hd.o(.text)
    TIM1_CC_IRQHandler                       0x08000297   Thumb Code     0  startup_stm32f10x_hd.o(.text)
    TIM1_TRG_COM_IRQHandler                  0x08000297   Thumb Code     0  startup_stm32f10x_hd.o(.text)
    TIM1_UP_IRQHandler                       0x08000297   Thumb Code     0  startup_stm32f10x_hd.o(.text)
    TIM2_IRQHandler                          0x08000297   Thumb Code     0  startup_stm32f10x_hd.o(.text)
    TIM4_IRQHandler                          0x08000297   Thumb Code     0  startup_stm32f10x_hd.o(.text)
    TIM6_IRQHandler                          0x08000297   Thumb Code     0  startup_stm32f10x_hd.o(.text)
    TIM7_IRQHandler                          0x08000297   Thumb Code     0  startup_stm32f10x_hd.o(.text)
    TIM8_BRK_IRQHandler                      0x08000297   Thumb Code     0  startup_stm32f10x_hd.o(.text)
    TIM8_CC_IRQHandler                       0x08000297   Thumb Code     0  startup_stm32f10x_hd.o(.text)
    TIM8_TRG_COM_IRQHandler                  0x08000297   Thumb Code     0  startup_stm32f10x_hd.o(.text)
    TIM8_UP_IRQHandler                       0x08000297   Thumb Code     0  startup_stm32f10x_hd.o(.text)
    UART4_IRQHandler                         0x08000297   Thumb Code     0  startup_stm32f10x_hd.o(.text)
    UART5_IRQHandler                         0x08000297   Thumb Code     0  startup_stm32f10x_hd.o(.text)
    USART2_IRQHandler                        0x08000297   Thumb Code     0  startup_stm32f10x_hd.o(.text)
    USART3_IRQHandler                        0x08000297   Thumb Code     0  startup_stm32f10x_hd.o(.text)
    USBWakeUp_IRQHandler                     0x08000297   Thumb Code     0  startup_stm32f10x_hd.o(.text)
    USB_HP_CAN1_TX_IRQHandler                0x08000297   Thumb Code     0  startup_stm32f10x_hd.o(.text)
    USB_LP_CAN1_RX0_IRQHandler               0x08000297   Thumb Code     0  startup_stm32f10x_hd.o(.text)
    WWDG_IRQHandler                          0x08000297   Thumb Code     0  startup_stm32f10x_hd.o(.text)
    __user_initial_stackheap                 0x08000299   Thumb Code     0  startup_stm32f10x_hd.o(.text)
    __use_no_semihosting                     0x080002bd   Thumb Code     2  use_no_semi_2.o(.text)
    __2printf                                0x080002c1   Thumb Code    20  noretval__2printf.o(.text)
    __2sprintf                               0x080002d9   Thumb Code    34  noretval__2sprintf.o(.text)
    __printf                                 0x08000301   Thumb Code   104  __printf.o(.text)
    __aeabi_memset                           0x08000369   Thumb Code    16  aeabi_memset.o(.text)
    __use_two_region_memory                  0x08000379   Thumb Code     2  heapauxi.o(.text)
    __rt_heap_escrow$2region                 0x0800037b   Thumb Code     2  heapauxi.o(.text)
    __rt_heap_expand$2region                 0x0800037d   Thumb Code     2  heapauxi.o(.text)
    __I$use$semihosting                      0x0800037f   Thumb Code     0  use_no_semi.o(.text)
    __use_no_semihosting_swi                 0x0800037f   Thumb Code     2  use_no_semi.o(.text)
    __lib_sel_fp_printf                      0x08000381   Thumb Code     2  _printf_fp_dec.o(.text)
    _printf_fp_dec_real                      0x0800052f   Thumb Code   620  _printf_fp_dec.o(.text)
    _printf_char_common                      0x080007a7   Thumb Code    32  _printf_char_common.o(.text)
    _sputc                                   0x080007cd   Thumb Code    10  _sputc.o(.text)
    _printf_char_file                        0x080007d9   Thumb Code    32  _printf_char_file.o(.text)
    __aeabi_memclr                           0x080007fd   Thumb Code     0  rt_memclr.o(.text)
    __rt_memclr                              0x080007fd   Thumb Code    68  rt_memclr.o(.text)
    _memset                                  0x08000801   Thumb Code     0  rt_memclr.o(.text)
    __rt_locale                              0x08000841   Thumb Code     8  rt_locale_intlibspace.o(.text)
    _ll_udiv10                               0x08000849   Thumb Code   138  lludiv10.o(.text)
    _printf_fp_infnan                        0x080008d5   Thumb Code   112  _printf_fp_infnan.o(.text)
    _btod_etento                             0x08000955   Thumb Code   216  bigflt0.o(.text)
    ferror                                   0x08000a31   Thumb Code     8  ferror.o(.text)
    __aeabi_memclr4                          0x08000a39   Thumb Code     0  rt_memclr_w.o(.text)
    __aeabi_memclr8                          0x08000a39   Thumb Code     0  rt_memclr_w.o(.text)
    __rt_memclr_w                            0x08000a39   Thumb Code    78  rt_memclr_w.o(.text)
    _memset_w                                0x08000a3d   Thumb Code     0  rt_memclr_w.o(.text)
    __user_libspace                          0x08000a89   Thumb Code     8  libspace.o(.text)
    __user_perproc_libspace                  0x08000a89   Thumb Code     0  libspace.o(.text)
    __user_perthread_libspace                0x08000a89   Thumb Code     0  libspace.o(.text)
    __user_setup_stackheap                   0x08000a91   Thumb Code    74  sys_stackheap_outer.o(.text)
    exit                                     0x08000adb   Thumb Code    12  exit.o(.text)
    strcmp                                   0x08000ae9   Thumb Code   128  strcmpv7m.o(.text)
    _btod_d2e                                0x08000b69   Thumb Code    62  btod.o(CL$$btod_d2e)
    _d2e_denorm_low                          0x08000ba7   Thumb Code    70  btod.o(CL$$btod_d2e_denorm_low)
    _d2e_norm_op1                            0x08000bed   Thumb Code    96  btod.o(CL$$btod_d2e_norm_op1)
    __btod_div_common                        0x08000c4d   Thumb Code   696  btod.o(CL$$btod_div_common)
    _e2e                                     0x08000f85   Thumb Code   198  btod.o(CL$$btod_e2e)
    _btod_ediv                               0x0800104b   Thumb Code    40  btod.o(CL$$btod_ediv)
    _btod_emul                               0x08001073   Thumb Code    40  btod.o(CL$$btod_emul)
    __btod_mult_common                       0x0800109b   Thumb Code   580  btod.o(CL$$btod_mult_common)
    BKP_DeInit                               0x080012df   Thumb Code    16  stm32f10x_bkp.o(i.BKP_DeInit)
    BKP_ReadBackupRegister                   0x080012f1   Thumb Code    24  stm32f10x_bkp.o(i.BKP_ReadBackupRegister)
    BKP_WriteBackupRegister                  0x0800130d   Thumb Code    22  stm32f10x_bkp.o(i.BKP_WriteBackupRegister)
    BusFault_Handler                         0x08001329   Thumb Code     4  stm32f10x_it.o(i.BusFault_Handler)
    DebugMon_Handler                         0x0800132d   Thumb Code     2  stm32f10x_it.o(i.DebugMon_Handler)
    Flow_                                    0x08001331   Thumb Code    80  led.o(i.Flow_)
    GPIO_Init                                0x08001395   Thumb Code   278  stm32f10x_gpio.o(i.GPIO_Init)
    GPIO_ReadInputDataBit                    0x080014ab   Thumb Code    18  stm32f10x_gpio.o(i.GPIO_ReadInputDataBit)
    GPIO_ResetBits                           0x080014bd   Thumb Code     4  stm32f10x_gpio.o(i.GPIO_ResetBits)
    GPIO_SetBits                             0x080014c1   Thumb Code     4  stm32f10x_gpio.o(i.GPIO_SetBits)
    Gui_DrawFont_GBK24                       0x080014c5   Thumb Code   486  gui.o(i.Gui_DrawFont_GBK24)
    Gui_DrawFont_Num32                       0x080016b5   Thumb Code   124  gui.o(i.Gui_DrawFont_Num32)
    Gui_DrawPoint                            0x08001735   Thumb Code    24  lcd_driver.o(i.Gui_DrawPoint)
    HardFault_Handler                        0x0800174d   Thumb Code     4  stm32f10x_it.o(i.HardFault_Handler)
    Is_Leap_Year                             0x08001751   Thumb Code    58  rtc.o(i.Is_Leap_Year)
    KEY_Init                                 0x0800178d   Thumb Code    40  key.o(i.KEY_Init)
    Key_task                                 0x080017b9   Thumb Code    14  key.o(i.Key_task)
    LCD_Pow                                  0x080017c7   Thumb Code    22  gui.o(i.LCD_Pow)
    LCD_ShowChar                             0x080017dd   Thumb Code   264  gui.o(i.LCD_ShowChar)
    LCD_ShowChar_                            0x080018f1   Thumb Code   264  gui.o(i.LCD_ShowChar_)
    LCD_ShowxNum                             0x08001a05   Thumb Code   190  gui.o(i.LCD_ShowxNum)
    LCD_ShowxNum_                            0x08001ac3   Thumb Code   196  gui.o(i.LCD_ShowxNum_)
    LCD_WriteReg                             0x08001b87   Thumb Code    20  lcd_driver.o(i.LCD_WriteReg)
    LED_Init                                 0x08001b9d   Thumb Code    50  led.o(i.LED_Init)
    LED_task                                 0x08001bd5   Thumb Code    68  led.o(i.LED_task)
    Lcd_Clear                                0x08001c2d   Thumb Code    72  lcd_driver.o(i.Lcd_Clear)
    Lcd_Init                                 0x08001c7d   Thumb Code   494  lcd_driver.o(i.Lcd_Init)
    Lcd_Reset                                0x08001e6d   Thumb Code    34  lcd_driver.o(i.Lcd_Reset)
    Lcd_SetRegion                            0x08001e95   Thumb Code    66  lcd_driver.o(i.Lcd_SetRegion)
    Lcd_SetXY                                0x08001ed7   Thumb Code    30  lcd_driver.o(i.Lcd_SetXY)
    Lcd_WriteData                            0x08001ef5   Thumb Code    38  lcd_driver.o(i.Lcd_WriteData)
    Lcd_WriteData_16Bit                      0x08001f25   Thumb Code    18  lcd_driver.o(i.Lcd_WriteData_16Bit)
    Lcd_WriteIndex                           0x08001f39   Thumb Code    36  lcd_driver.o(i.Lcd_WriteIndex)
    MemManage_Handler                        0x08001f65   Thumb Code     4  stm32f10x_it.o(i.MemManage_Handler)
    NMI_Handler                              0x08001f69   Thumb Code     2  stm32f10x_it.o(i.NMI_Handler)
    NVIC_Init                                0x08001f6d   Thumb Code   100  misc.o(i.NVIC_Init)
    NVIC_PriorityGroupConfig                 0x08001fdd   Thumb Code    10  misc.o(i.NVIC_PriorityGroupConfig)
    PWR_BackupAccessCmd                      0x08001ff1   Thumb Code     6  stm32f10x_pwr.o(i.PWR_BackupAccessCmd)
    RCC_APB1PeriphClockCmd                   0x08001ffd   Thumb Code    26  stm32f10x_rcc.o(i.RCC_APB1PeriphClockCmd)
    RCC_APB2PeriphClockCmd                   0x0800201d   Thumb Code    26  stm32f10x_rcc.o(i.RCC_APB2PeriphClockCmd)
    RCC_BackupResetCmd                       0x0800203d   Thumb Code     6  stm32f10x_rcc.o(i.RCC_BackupResetCmd)
    RCC_GetClocksFreq                        0x08002049   Thumb Code   192  stm32f10x_rcc.o(i.RCC_GetClocksFreq)
    RCC_GetFlagStatus                        0x0800211d   Thumb Code    56  stm32f10x_rcc.o(i.RCC_GetFlagStatus)
    RCC_LSEConfig                            0x08002159   Thumb Code    46  stm32f10x_rcc.o(i.RCC_LSEConfig)
    RCC_RTCCLKCmd                            0x0800218d   Thumb Code     6  stm32f10x_rcc.o(i.RCC_RTCCLKCmd)
    RCC_RTCCLKConfig                         0x08002199   Thumb Code    12  stm32f10x_rcc.o(i.RCC_RTCCLKConfig)
    RTC_ClearITPendingBit                    0x080021a9   Thumb Code    12  stm32f10x_rtc.o(i.RTC_ClearITPendingBit)
    RTC_EnterConfigMode                      0x080021b9   Thumb Code    14  stm32f10x_rtc.o(i.RTC_EnterConfigMode)
    RTC_ExitConfigMode                       0x080021cd   Thumb Code    16  stm32f10x_rtc.o(i.RTC_ExitConfigMode)
    RTC_Get                                  0x080021e1   Thumb Code   240  rtc.o(i.RTC_Get)
    RTC_GetCounter                           0x080022e1   Thumb Code    16  stm32f10x_rtc.o(i.RTC_GetCounter)
    RTC_GetITStatus                          0x080022f5   Thumb Code    32  stm32f10x_rtc.o(i.RTC_GetITStatus)
    RTC_Get_Week                             0x08002319   Thumb Code   116  rtc.o(i.RTC_Get_Week)
    RTC_IRQHandler                           0x08002391   Thumb Code    44  rtc.o(i.RTC_IRQHandler)
    RTC_ITConfig                             0x080023bd   Thumb Code    26  stm32f10x_rtc.o(i.RTC_ITConfig)
    RTC_Init                                 0x080023dd   Thumb Code   192  rtc.o(i.RTC_Init)
    RTC_Set                                  0x080024bd   Thumb Code   184  rtc.o(i.RTC_Set)
    RTC_SetCounter                           0x08002585   Thumb Code    24  stm32f10x_rtc.o(i.RTC_SetCounter)
    RTC_SetPrescaler                         0x080025a1   Thumb Code    26  stm32f10x_rtc.o(i.RTC_SetPrescaler)
    RTC_WaitForLastTask                      0x080025c1   Thumb Code    16  stm32f10x_rtc.o(i.RTC_WaitForLastTask)
    RTC_WaitForSynchro                       0x080025d5   Thumb Code    30  stm32f10x_rtc.o(i.RTC_WaitForSynchro)
    Relay_Init                               0x080025f9   Thumb Code    46  led.o(i.Relay_Init)
    SPI2_Init                                0x0800262d   Thumb Code   178  lcd_driver.o(i.SPI2_Init)
    SPI_Cmd                                  0x080026e9   Thumb Code    24  stm32f10x_spi.o(i.SPI_Cmd)
    SPI_Init                                 0x08002701   Thumb Code    60  stm32f10x_spi.o(i.SPI_Init)
    SPI_WriteByte                            0x0800273d   Thumb Code    34  lcd_driver.o(i.SPI_WriteByte)
    Show_plan                                0x08002849   Thumb Code   226  ui.o(i.Show_plan)
    Show_task                                0x08002941   Thumb Code   148  ui.o(i.Show_task)
    Show_time                                0x080029f1   Thumb Code   276  ui.o(i.Show_time)
    Show_timing                              0x08002b3d   Thumb Code   178  ui.o(i.Show_timing)
    Show_use                                 0x08002c01   Thumb Code   218  ui.o(i.Show_use)
    SysTick_CLKSourceConfig                  0x08002cf1   Thumb Code    40  misc.o(i.SysTick_CLKSourceConfig)
    SysTick_Handler                          0x08002d19   Thumb Code    16  stm32f10x_it.o(i.SysTick_Handler)
    SystemInit                               0x08002d29   Thumb Code    78  system_stm32f10x.o(i.SystemInit)
    TIM3_IRQHandler                          0x08002fc9   Thumb Code    28  pwm_in.o(i.TIM3_IRQHandler)
    TIM3_PWM_Init                            0x08002ffd   Thumb Code   136  pwm_in.o(i.TIM3_PWM_Init)
    TIM5_IN_Init                             0x0800308d   Thumb Code   154  pwm_in.o(i.TIM5_IN_Init)
    TIM5_IRQHandler                          0x08003135   Thumb Code   120  pwm_in.o(i.TIM5_IRQHandler)
    TIM_ARRPreloadConfig                     0x080031c1   Thumb Code    24  stm32f10x_tim.o(i.TIM_ARRPreloadConfig)
    TIM_ClearITPendingBit                    0x080031d9   Thumb Code     6  stm32f10x_tim.o(i.TIM_ClearITPendingBit)
    TIM_Cmd                                  0x080031df   Thumb Code    24  stm32f10x_tim.o(i.TIM_Cmd)
    TIM_GetITStatus                          0x080031f7   Thumb Code    34  stm32f10x_tim.o(i.TIM_GetITStatus)
    TIM_ICInit                               0x08003219   Thumb Code   150  stm32f10x_tim.o(i.TIM_ICInit)
    TIM_ITConfig                             0x080032c5   Thumb Code    18  stm32f10x_tim.o(i.TIM_ITConfig)
    TIM_OC3Init                              0x080032d9   Thumb Code   150  stm32f10x_tim.o(i.TIM_OC3Init)
    TIM_OC3PreloadConfig                     0x08003379   Thumb Code    18  stm32f10x_tim.o(i.TIM_OC3PreloadConfig)
    TIM_SetIC1Prescaler                      0x0800338b   Thumb Code    18  stm32f10x_tim.o(i.TIM_SetIC1Prescaler)
    TIM_SetIC2Prescaler                      0x0800339d   Thumb Code    26  stm32f10x_tim.o(i.TIM_SetIC2Prescaler)
    TIM_SetIC3Prescaler                      0x080033b7   Thumb Code    18  stm32f10x_tim.o(i.TIM_SetIC3Prescaler)
    TIM_SetIC4Prescaler                      0x080033c9   Thumb Code    26  stm32f10x_tim.o(i.TIM_SetIC4Prescaler)
    TIM_TimeBaseInit                         0x080033e5   Thumb Code   122  stm32f10x_tim.o(i.TIM_TimeBaseInit)
    USART1_IRQHandler                        0x08003489   Thumb Code    24  usart.o(i.USART1_IRQHandler)
    USART_Cmd                                0x080034a5   Thumb Code    24  stm32f10x_usart.o(i.USART_Cmd)
    USART_GetITStatus                        0x080034bd   Thumb Code    84  stm32f10x_usart.o(i.USART_GetITStatus)
    USART_ITConfig                           0x08003511   Thumb Code    74  stm32f10x_usart.o(i.USART_ITConfig)
    USART_Init                               0x0800355d   Thumb Code   210  stm32f10x_usart.o(i.USART_Init)
    USART_ReceiveData                        0x08003635   Thumb Code    10  stm32f10x_usart.o(i.USART_ReceiveData)
    UsageFault_Handler                       0x0800363f   Thumb Code     4  stm32f10x_it.o(i.UsageFault_Handler)
    __ARM_fpclassify                         0x08003643   Thumb Code    40  fpclassify.o(i.__ARM_fpclassify)
    _init_                                   0x0800366d   Thumb Code   148  main.o(i._init_)
    _sys_exit                                0x08003739   Thumb Code     6  usart.o(i._sys_exit)
    clear_cursor                             0x08003741   Thumb Code   208  ui.o(i.clear_cursor)
    cursor                                   0x0800382d   Thumb Code   386  ui.o(i.cursor)
    delay_init                               0x080039d9   Thumb Code    76  delay.o(i.delay_init)
    delay_ms                                 0x08003a35   Thumb Code    62  delay.o(i.delay_ms)
    delay_us                                 0x08003a79   Thumb Code    70  delay.o(i.delay_us)
    fputc                                    0x08003ac5   Thumb Code    24  usart.o(i.fputc)
    key_scan                                 0x08003ae1   Thumb Code  1102  key.o(i.key_scan)
    main                                     0x08003f3d   Thumb Code    34  main.o(i.main)
    pvPortMalloc                             0x080043d9   Thumb Code   296  heap_4.o(i.pvPortMalloc)
    pxPortInitialiseStack                    0x08004515   Thumb Code    30  port.o(i.pxPortInitialiseStack)
    show_num_32                              0x08004539   Thumb Code    76  gui.o(i.show_num_32)
    start_task                               0x08004585   Thumb Code    84  main.o(i.start_task)
    time_show                                0x08004619   Thumb Code    90  ui.o(i.time_show)
    uart_init                                0x08004685   Thumb Code   154  usart.o(i.uart_init)
    uxListRemove                             0x08004729   Thumb Code    40  list.o(i.uxListRemove)
    vListInitialise                          0x08004751   Thumb Code    26  list.o(i.vListInitialise)
    vListInitialiseItem                      0x0800476b   Thumb Code     6  list.o(i.vListInitialiseItem)
    vListInsert                              0x08004771   Thumb Code    52  list.o(i.vListInsert)
    vListInsertEnd                           0x080047a5   Thumb Code    24  list.o(i.vListInsertEnd)
    vPortEnterCritical                       0x080047bd   Thumb Code    76  port.o(i.vPortEnterCritical)
    vPortExitCritical                        0x08004811   Thumb Code    56  port.o(i.vPortExitCritical)
    vPortFree                                0x0800484d   Thumb Code   140  heap_4.o(i.vPortFree)
    vPortSetupTimerInterrupt                 0x080048e1   Thumb Code    26  port.o(i.vPortSetupTimerInterrupt)
    vTaskDelay                               0x08004901   Thumb Code    82  tasks.o(i.vTaskDelay)
    vTaskDelete                              0x0800495d   Thumb Code   202  tasks.o(i.vTaskDelete)
    vTaskStartScheduler                      0x08004a51   Thumb Code   108  tasks.o(i.vTaskStartScheduler)
    vTaskSuspendAll                          0x08004ad9   Thumb Code    12  tasks.o(i.vTaskSuspendAll)
    vTaskSwitchContext                       0x08004ae9   Thumb Code   118  tasks.o(i.vTaskSwitchContext)
    xPortStartScheduler                      0x08004b75   Thumb Code   140  port.o(i.xPortStartScheduler)
    xPortSysTickHandler                      0x08004c15   Thumb Code    46  port.o(i.xPortSysTickHandler)
    xTaskCreate                              0x08004c49   Thumb Code    96  tasks.o(i.xTaskCreate)
    xTaskGetSchedulerState                   0x08004ca9   Thumb Code    24  tasks.o(i.xTaskGetSchedulerState)
    xTaskIncrementTick                       0x08004cc9   Thumb Code   282  tasks.o(i.xTaskIncrementTick)
    xTaskResumeAll                           0x08004e11   Thumb Code   224  tasks.o(i.xTaskResumeAll)
    _get_lc_numeric                          0x08004f15   Thumb Code    44  lc_numeric_c.o(locale$$code)
    __fpl_dretinf                            0x08004f41   Thumb Code    12  dretinf.o(x$fpl$dretinf)
    __aeabi_f2d                              0x08004f4d   Thumb Code     0  f2d.o(x$fpl$f2d)
    _f2d                                     0x08004f4d   Thumb Code    86  f2d.o(x$fpl$f2d)
    __aeabi_fadd                             0x08004fa5   Thumb Code     0  faddsub_clz.o(x$fpl$fadd)
    _fadd                                    0x08004fa5   Thumb Code   196  faddsub_clz.o(x$fpl$fadd)
    __aeabi_fdiv                             0x08005069   Thumb Code     0  fdiv.o(x$fpl$fdiv)
    _fdiv                                    0x08005069   Thumb Code   384  fdiv.o(x$fpl$fdiv)
    __aeabi_f2uiz                            0x080051ed   Thumb Code     0  ffixu.o(x$fpl$ffixu)
    _ffixu                                   0x080051ed   Thumb Code    62  ffixu.o(x$fpl$ffixu)
    __aeabi_ui2f                             0x0800522d   Thumb Code     0  fflt_clz.o(x$fpl$ffltu)
    _ffltu                                   0x0800522d   Thumb Code    38  fflt_clz.o(x$fpl$ffltu)
    __aeabi_fmul                             0x08005255   Thumb Code     0  fmul.o(x$fpl$fmul)
    _fmul                                    0x08005255   Thumb Code   258  fmul.o(x$fpl$fmul)
    __fpl_fnaninf                            0x08005357   Thumb Code   140  fnaninf.o(x$fpl$fnaninf)
    __fpl_fretinf                            0x080053e3   Thumb Code    10  fretinf.o(x$fpl$fretinf)
    __aeabi_fsub                             0x080053ed   Thumb Code     0  faddsub_clz.o(x$fpl$fsub)
    _fsub                                    0x080053ed   Thumb Code   234  faddsub_clz.o(x$fpl$fsub)
    _printf_fp_dec                           0x080054d7   Thumb Code     4  printf1.o(x$fpl$printf1)
    __I$use$fp                               0x080054da   Number         0  usenofp.o(x$fpl$usenofp)
    asc16                                    0x080054da   Data        1521  gui.o(.constdata)
    sz32                                     0x08005acb   Data        1921  gui.o(.constdata)
    hz16                                     0x0800624c   Data        1768  gui.o(.constdata)
    hz24                                     0x08006934   Data        1850  gui.o(.constdata)
    asc2_1206                                0x0800706e   Data        1140  gui.o(.constdata)
    asc2_1608                                0x080074e2   Data        1520  gui.o(.constdata)
    asc2_2412                                0x08007ad2   Data        3420  gui.o(.constdata)
    table_week                               0x0800882e   Data          12  rtc.o(.constdata)
    mon_table                                0x0800883a   Data          12  rtc.o(.constdata)
    Region$$Table$$Base                      0x080088dc   Number         0  anon$$obj.o(Region$$Table)
    Region$$Table$$Limit                     0x080088fc   Number         0  anon$$obj.o(Region$$Table)
    SystemCoreClock                          0x20000014   Data           4  system_stm32f10x.o(.data)
    AHBPrescTable                            0x20000018   Data          16  system_stm32f10x.o(.data)
    LEDTask_Handler                          0x2000002c   Data           4  led.o(.data)
    flow                                     0x20000030   Data           4  led.o(.data)
    __stdout                                 0x20000034   Data           4  usart.o(.data)
    USART_RX_STA                             0x20000038   Data           2  usart.o(.data)
    key                                      0x2000003c   Data           1  key.o(.data)
    key_flag                                 0x2000003d   Data           1  key.o(.data)
    Set_key_state                            0x2000003e   Data           1  key.o(.data)
    KeyTask_Handler                          0x20000040   Data           4  key.o(.data)
    ShowTask_Handler                         0x20000044   Data           4  ui.o(.data)
    err                                      0x20000048   Data           2  ui.o(.data)
    plan                                     0x2000004a   Data           8  ui.o(.data)
    tmp_plan                                 0x20000052   Data           8  ui.o(.data)
    use                                      0x2000005a   Data           8  ui.o(.data)
    tmp_use                                  0x20000062   Data           8  ui.o(.data)
    show_Refresh                             0x2000006a   Data           1  ui.o(.data)
    TIM5CH1_CAPTURE_STA                      0x20000070   Data           1  pwm_in.o(.data)
    f_VAL                                    0x20000074   Data           4  pwm_in.o(.data)
    s_VAL                                    0x20000078   Data           4  pwm_in.o(.data)
    _VAL                                     0x2000007c   Data           4  pwm_in.o(.data)
    _flag                                    0x20000080   Data           1  pwm_in.o(.data)
    startTask_Handler                        0x20000084   Data           4  main.o(.data)
    pxCurrentTCB                             0x20000088   Data           4  tasks.o(.data)
    key_cnt                                  0x200000e8   Data          40  key.o(.bss)
    timeing                                  0x20000110   Data          12  ui.o(.bss)
    timeing_tmp                              0x2000011c   Data          12  ui.o(.bss)
    tim                                      0x20000128   Data          12  ui.o(.bss)
    tmp_tim                                  0x20000134   Data          12  ui.o(.bss)
    plan_coord                               0x20000140   Data          18  ui.o(.bss)
    use_coord                                0x20000152   Data          18  ui.o(.bss)
    time_coord                               0x20000164   Data          18  ui.o(.bss)
    timeing_coord                            0x20000176   Data          18  ui.o(.bss)
    calendar                                 0x20000188   Data          10  rtc.o(.bss)
    TIM5_ICInitStructure                     0x20000192   Data          10  pwm_in.o(.bss)
    __libspace_start                         0x20003e8c   Data          96  libspace.o(.bss)
    __temporary_stack_top$libspace           0x20003eec   Data           0  libspace.o(.bss)



==============================================================================

Memory Map of the image

  Image Entry point : 0x08000131

  Load Region LR_IROM1 (Base: 0x08000000, Size: 0x00008a00, Max: 0x00040000, ABSOLUTE)

    Execution Region ER_IROM1 (Base: 0x08000000, Size: 0x00008918, Max: 0x00040000, ABSOLUTE)

    Base Addr    Size         Type   Attr      Idx    E Section Name        Object

    0x08000000   0x00000130   Data   RO         3184    RESET               startup_stm32f10x_hd.o
    0x08000130   0x00000008   Code   RO         4708  * !!!main             c_w.l(__main.o)
    0x08000138   0x00000034   Code   RO         4959    !!!scatter          c_w.l(__scatter.o)
    0x0800016c   0x0000001a   Code   RO         4961    !!handler_copy      c_w.l(__scatter_copy.o)
    0x08000186   0x00000002   PAD
    0x08000188   0x0000001c   Code   RO         4963    !!handler_zi        c_w.l(__scatter_zi.o)
    0x080001a4   0x00000000   Code   RO         4701    .ARM.Collect$$_printf_percent$$00000000  c_w.l(_printf_percent.o)
    0x080001a4   0x00000006   Code   RO         4700    .ARM.Collect$$_printf_percent$$00000004  c_w.l(_printf_e.o)
    0x080001aa   0x00000004   Code   RO         4747    .ARM.Collect$$_printf_percent$$00000017  c_w.l(_printf_percent_end.o)
    0x080001ae   0x00000002   Code   RO         4837    .ARM.Collect$$libinit$$00000000  c_w.l(libinit.o)
    0x080001b0   0x00000000   Code   RO         4839    .ARM.Collect$$libinit$$00000002  c_w.l(libinit2.o)
    0x080001b0   0x00000000   Code   RO         4841    .ARM.Collect$$libinit$$00000004  c_w.l(libinit2.o)
    0x080001b0   0x00000000   Code   RO         4844    .ARM.Collect$$libinit$$0000000A  c_w.l(libinit2.o)
    0x080001b0   0x00000000   Code   RO         4846    .ARM.Collect$$libinit$$0000000C  c_w.l(libinit2.o)
    0x080001b0   0x00000000   Code   RO         4848    .ARM.Collect$$libinit$$0000000E  c_w.l(libinit2.o)
    0x080001b0   0x00000006   Code   RO         4849    .ARM.Collect$$libinit$$0000000F  c_w.l(libinit2.o)
    0x080001b6   0x00000000   Code   RO         4851    .ARM.Collect$$libinit$$00000011  c_w.l(libinit2.o)
    0x080001b6   0x00000000   Code   RO         4853    .ARM.Collect$$libinit$$00000013  c_w.l(libinit2.o)
    0x080001b6   0x00000000   Code   RO         4855    .ARM.Collect$$libinit$$00000015  c_w.l(libinit2.o)
    0x080001b6   0x0000000a   Code   RO         4856    .ARM.Collect$$libinit$$00000016  c_w.l(libinit2.o)
    0x080001c0   0x00000000   Code   RO         4857    .ARM.Collect$$libinit$$00000017  c_w.l(libinit2.o)
    0x080001c0   0x00000000   Code   RO         4859    .ARM.Collect$$libinit$$00000019  c_w.l(libinit2.o)
    0x080001c0   0x00000000   Code   RO         4861    .ARM.Collect$$libinit$$0000001B  c_w.l(libinit2.o)
    0x080001c0   0x00000000   Code   RO         4863    .ARM.Collect$$libinit$$0000001D  c_w.l(libinit2.o)
    0x080001c0   0x00000000   Code   RO         4865    .ARM.Collect$$libinit$$0000001F  c_w.l(libinit2.o)
    0x080001c0   0x00000000   Code   RO         4867    .ARM.Collect$$libinit$$00000021  c_w.l(libinit2.o)
    0x080001c0   0x00000000   Code   RO         4869    .ARM.Collect$$libinit$$00000023  c_w.l(libinit2.o)
    0x080001c0   0x00000000   Code   RO         4871    .ARM.Collect$$libinit$$00000025  c_w.l(libinit2.o)
    0x080001c0   0x00000000   Code   RO         4875    .ARM.Collect$$libinit$$0000002C  c_w.l(libinit2.o)
    0x080001c0   0x00000000   Code   RO         4877    .ARM.Collect$$libinit$$0000002E  c_w.l(libinit2.o)
    0x080001c0   0x00000000   Code   RO         4879    .ARM.Collect$$libinit$$00000030  c_w.l(libinit2.o)
    0x080001c0   0x00000000   Code   RO         4881    .ARM.Collect$$libinit$$00000032  c_w.l(libinit2.o)
    0x080001c0   0x00000002   Code   RO         4882    .ARM.Collect$$libinit$$00000033  c_w.l(libinit2.o)
    0x080001c2   0x00000002   Code   RO         4910    .ARM.Collect$$libshutdown$$00000000  c_w.l(libshutdown.o)
    0x080001c4   0x00000000   Code   RO         4920    .ARM.Collect$$libshutdown$$00000003  c_w.l(libshutdown2.o)
    0x080001c4   0x00000000   Code   RO         4923    .ARM.Collect$$libshutdown$$00000006  c_w.l(libshutdown2.o)
    0x080001c4   0x00000000   Code   RO         4926    .ARM.Collect$$libshutdown$$00000009  c_w.l(libshutdown2.o)
    0x080001c4   0x00000000   Code   RO         4928    .ARM.Collect$$libshutdown$$0000000B  c_w.l(libshutdown2.o)
    0x080001c4   0x00000000   Code   RO         4931    .ARM.Collect$$libshutdown$$0000000E  c_w.l(libshutdown2.o)
    0x080001c4   0x00000002   Code   RO         4932    .ARM.Collect$$libshutdown$$0000000F  c_w.l(libshutdown2.o)
    0x080001c6   0x00000000   Code   RO         4738    .ARM.Collect$$rtentry$$00000000  c_w.l(__rtentry.o)
    0x080001c6   0x00000000   Code   RO         4760    .ARM.Collect$$rtentry$$00000002  c_w.l(__rtentry2.o)
    0x080001c6   0x00000006   Code   RO         4772    .ARM.Collect$$rtentry$$00000004  c_w.l(__rtentry4.o)
    0x080001cc   0x00000000   Code   RO         4762    .ARM.Collect$$rtentry$$00000009  c_w.l(__rtentry2.o)
    0x080001cc   0x00000004   Code   RO         4763    .ARM.Collect$$rtentry$$0000000A  c_w.l(__rtentry2.o)
    0x080001d0   0x00000000   Code   RO         4765    .ARM.Collect$$rtentry$$0000000C  c_w.l(__rtentry2.o)
    0x080001d0   0x00000008   Code   RO         4766    .ARM.Collect$$rtentry$$0000000D  c_w.l(__rtentry2.o)
    0x080001d8   0x00000002   Code   RO         4883    .ARM.Collect$$rtexit$$00000000  c_w.l(rtexit.o)
    0x080001da   0x00000000   Code   RO         4890    .ARM.Collect$$rtexit$$00000002  c_w.l(rtexit2.o)
    0x080001da   0x00000004   Code   RO         4891    .ARM.Collect$$rtexit$$00000003  c_w.l(rtexit2.o)
    0x080001de   0x00000006   Code   RO         4892    .ARM.Collect$$rtexit$$00000004  c_w.l(rtexit2.o)
    0x080001e4   0x00000096   Code   RO         4445    .emb_text           port.o
    0x0800027a   0x00000002   PAD
    0x0800027c   0x00000040   Code   RO         3185    .text               startup_stm32f10x_hd.o
    0x080002bc   0x00000002   Code   RO         4668    .text               c_w.l(use_no_semi_2.o)
    0x080002be   0x00000002   PAD
    0x080002c0   0x00000018   Code   RO         4674    .text               c_w.l(noretval__2printf.o)
    0x080002d8   0x00000028   Code   RO         4676    .text               c_w.l(noretval__2sprintf.o)
    0x08000300   0x00000068   Code   RO         4678    .text               c_w.l(__printf.o)
    0x08000368   0x00000010   Code   RO         4704    .text               c_w.l(aeabi_memset.o)
    0x08000378   0x00000006   Code   RO         4706    .text               c_w.l(heapauxi.o)
    0x0800037e   0x00000002   Code   RO         4736    .text               c_w.l(use_no_semi.o)
    0x08000380   0x0000041a   Code   RO         4739    .text               c_w.l(_printf_fp_dec.o)
    0x0800079a   0x00000002   PAD
    0x0800079c   0x00000030   Code   RO         4741    .text               c_w.l(_printf_char_common.o)
    0x080007cc   0x0000000a   Code   RO         4743    .text               c_w.l(_sputc.o)
    0x080007d6   0x00000002   PAD
    0x080007d8   0x00000024   Code   RO         4745    .text               c_w.l(_printf_char_file.o)
    0x080007fc   0x00000044   Code   RO         4750    .text               c_w.l(rt_memclr.o)
    0x08000840   0x00000008   Code   RO         4777    .text               c_w.l(rt_locale_intlibspace.o)
    0x08000848   0x0000008a   Code   RO         4779    .text               c_w.l(lludiv10.o)
    0x080008d2   0x00000002   PAD
    0x080008d4   0x00000080   Code   RO         4781    .text               c_w.l(_printf_fp_infnan.o)
    0x08000954   0x000000dc   Code   RO         4785    .text               c_w.l(bigflt0.o)
    0x08000a30   0x00000008   Code   RO         4810    .text               c_w.l(ferror.o)
    0x08000a38   0x0000004e   Code   RO         4817    .text               c_w.l(rt_memclr_w.o)
    0x08000a86   0x00000002   PAD
    0x08000a88   0x00000008   Code   RO         4823    .text               c_w.l(libspace.o)
    0x08000a90   0x0000004a   Code   RO         4826    .text               c_w.l(sys_stackheap_outer.o)
    0x08000ada   0x0000000c   Code   RO         4828    .text               c_w.l(exit.o)
    0x08000ae6   0x00000002   PAD
    0x08000ae8   0x00000080   Code   RO         4830    .text               c_w.l(strcmpv7m.o)
    0x08000b68   0x0000003e   Code   RO         4788    CL$$btod_d2e        c_w.l(btod.o)
    0x08000ba6   0x00000046   Code   RO         4790    CL$$btod_d2e_denorm_low  c_w.l(btod.o)
    0x08000bec   0x00000060   Code   RO         4789    CL$$btod_d2e_norm_op1  c_w.l(btod.o)
    0x08000c4c   0x00000338   Code   RO         4798    CL$$btod_div_common  c_w.l(btod.o)
    0x08000f84   0x000000c6   Code   RO         4795    CL$$btod_e2e        c_w.l(btod.o)
    0x0800104a   0x00000028   Code   RO         4792    CL$$btod_ediv       c_w.l(btod.o)
    0x08001072   0x00000028   Code   RO         4791    CL$$btod_emul       c_w.l(btod.o)
    0x0800109a   0x00000244   Code   RO         4797    CL$$btod_mult_common  c_w.l(btod.o)
    0x080012de   0x00000010   Code   RO          360    i.BKP_DeInit        stm32f10x_bkp.o
    0x080012ee   0x00000002   PAD
    0x080012f0   0x0000001c   Code   RO          365    i.BKP_ReadBackupRegister  stm32f10x_bkp.o
    0x0800130c   0x0000001c   Code   RO          369    i.BKP_WriteBackupRegister  stm32f10x_bkp.o
    0x08001328   0x00000004   Code   RO         3067    i.BusFault_Handler  stm32f10x_it.o
    0x0800132c   0x00000002   Code   RO         3068    i.DebugMon_Handler  stm32f10x_it.o
    0x0800132e   0x00000002   PAD
    0x08001330   0x00000064   Code   RO         3221    i.Flow_             led.o
    0x08001394   0x00000116   Code   RO         1251    i.GPIO_Init         stm32f10x_gpio.o
    0x080014aa   0x00000012   Code   RO         1255    i.GPIO_ReadInputDataBit  stm32f10x_gpio.o
    0x080014bc   0x00000004   Code   RO         1258    i.GPIO_ResetBits    stm32f10x_gpio.o
    0x080014c0   0x00000004   Code   RO         1259    i.GPIO_SetBits      stm32f10x_gpio.o
    0x080014c4   0x000001f0   Code   RO         3499    i.Gui_DrawFont_GBK24  gui.o
    0x080016b4   0x00000080   Code   RO         3500    i.Gui_DrawFont_Num32  gui.o
    0x08001734   0x00000018   Code   RO         3399    i.Gui_DrawPoint     lcd_driver.o
    0x0800174c   0x00000004   Code   RO         3069    i.HardFault_Handler  stm32f10x_it.o
    0x08001750   0x0000003a   Code   RO         3687    i.Is_Leap_Year      rtc.o
    0x0800178a   0x00000002   PAD
    0x0800178c   0x0000002c   Code   RO         3364    i.KEY_Init          key.o
    0x080017b8   0x0000000e   Code   RO         3365    i.Key_task          key.o
    0x080017c6   0x00000016   Code   RO         3505    i.LCD_Pow           gui.o
    0x080017dc   0x00000114   Code   RO         3506    i.LCD_ShowChar      gui.o
    0x080018f0   0x00000114   Code   RO         3507    i.LCD_ShowChar_     gui.o
    0x08001a04   0x000000be   Code   RO         3510    i.LCD_ShowxNum      gui.o
    0x08001ac2   0x000000c4   Code   RO         3511    i.LCD_ShowxNum_     gui.o
    0x08001b86   0x00000014   Code   RO         3401    i.LCD_WriteReg      lcd_driver.o
    0x08001b9a   0x00000002   PAD
    0x08001b9c   0x00000038   Code   RO         3222    i.LED_Init          led.o
    0x08001bd4   0x00000058   Code   RO         3223    i.LED_task          led.o
    0x08001c2c   0x00000050   Code   RO         3402    i.Lcd_Clear         lcd_driver.o
    0x08001c7c   0x000001ee   Code   RO         3403    i.Lcd_Init          lcd_driver.o
    0x08001e6a   0x00000002   PAD
    0x08001e6c   0x00000028   Code   RO         3404    i.Lcd_Reset         lcd_driver.o
    0x08001e94   0x00000042   Code   RO         3405    i.Lcd_SetRegion     lcd_driver.o
    0x08001ed6   0x0000001e   Code   RO         3406    i.Lcd_SetXY         lcd_driver.o
    0x08001ef4   0x00000030   Code   RO         3407    i.Lcd_WriteData     lcd_driver.o
    0x08001f24   0x00000012   Code   RO         3408    i.Lcd_WriteData_16Bit  lcd_driver.o
    0x08001f36   0x00000002   PAD
    0x08001f38   0x0000002c   Code   RO         3409    i.Lcd_WriteIndex    lcd_driver.o
    0x08001f64   0x00000004   Code   RO         3070    i.MemManage_Handler  stm32f10x_it.o
    0x08001f68   0x00000002   Code   RO         3071    i.NMI_Handler       stm32f10x_it.o
    0x08001f6a   0x00000002   PAD
    0x08001f6c   0x00000070   Code   RO           17    i.NVIC_Init         misc.o
    0x08001fdc   0x00000014   Code   RO           18    i.NVIC_PriorityGroupConfig  misc.o
    0x08001ff0   0x0000000c   Code   RO         1605    i.PWR_BackupAccessCmd  stm32f10x_pwr.o
    0x08001ffc   0x00000020   Code   RO         1667    i.RCC_APB1PeriphClockCmd  stm32f10x_rcc.o
    0x0800201c   0x00000020   Code   RO         1669    i.RCC_APB2PeriphClockCmd  stm32f10x_rcc.o
    0x0800203c   0x0000000c   Code   RO         1672    i.RCC_BackupResetCmd  stm32f10x_rcc.o
    0x08002048   0x000000d4   Code   RO         1677    i.RCC_GetClocksFreq  stm32f10x_rcc.o
    0x0800211c   0x0000003c   Code   RO         1678    i.RCC_GetFlagStatus  stm32f10x_rcc.o
    0x08002158   0x00000034   Code   RO         1685    i.RCC_LSEConfig     stm32f10x_rcc.o
    0x0800218c   0x0000000c   Code   RO         1692    i.RCC_RTCCLKCmd     stm32f10x_rcc.o
    0x08002198   0x00000010   Code   RO         1693    i.RCC_RTCCLKConfig  stm32f10x_rcc.o
    0x080021a8   0x00000010   Code   RO         1866    i.RTC_ClearITPendingBit  stm32f10x_rtc.o
    0x080021b8   0x00000014   Code   RO         1867    i.RTC_EnterConfigMode  stm32f10x_rtc.o
    0x080021cc   0x00000014   Code   RO         1868    i.RTC_ExitConfigMode  stm32f10x_rtc.o
    0x080021e0   0x00000100   Code   RO         3689    i.RTC_Get           rtc.o
    0x080022e0   0x00000014   Code   RO         1869    i.RTC_GetCounter    stm32f10x_rtc.o
    0x080022f4   0x00000024   Code   RO         1872    i.RTC_GetITStatus   stm32f10x_rtc.o
    0x08002318   0x00000078   Code   RO         3690    i.RTC_Get_Week      rtc.o
    0x08002390   0x0000002c   Code   RO         3691    i.RTC_IRQHandler    rtc.o
    0x080023bc   0x00000020   Code   RO         1873    i.RTC_ITConfig      stm32f10x_rtc.o
    0x080023dc   0x000000c0   Code   RO         3692    i.RTC_Init          rtc.o
    0x0800249c   0x00000020   Code   RO         3693    i.RTC_NVIC_Config   rtc.o
    0x080024bc   0x000000c8   Code   RO         3694    i.RTC_Set           rtc.o
    0x08002584   0x0000001c   Code   RO         1875    i.RTC_SetCounter    stm32f10x_rtc.o
    0x080025a0   0x00000020   Code   RO         1876    i.RTC_SetPrescaler  stm32f10x_rtc.o
    0x080025c0   0x00000014   Code   RO         1877    i.RTC_WaitForLastTask  stm32f10x_rtc.o
    0x080025d4   0x00000024   Code   RO         1878    i.RTC_WaitForSynchro  stm32f10x_rtc.o
    0x080025f8   0x00000034   Code   RO         3224    i.Relay_Init        led.o
    0x0800262c   0x000000bc   Code   RO         3410    i.SPI2_Init         lcd_driver.o
    0x080026e8   0x00000018   Code   RO         2146    i.SPI_Cmd           stm32f10x_spi.o
    0x08002700   0x0000003c   Code   RO         2159    i.SPI_Init          stm32f10x_spi.o
    0x0800273c   0x00000022   Code   RO         3412    i.SPI_WriteByte     lcd_driver.o
    0x0800275e   0x00000008   Code   RO         3148    i.SetSysClock       system_stm32f10x.o
    0x08002766   0x00000002   PAD
    0x08002768   0x000000e0   Code   RO         3149    i.SetSysClockTo72   system_stm32f10x.o
    0x08002848   0x000000f8   Code   RO         3622    i.Show_plan         ui.o
    0x08002940   0x000000b0   Code   RO         3623    i.Show_task         ui.o
    0x080029f0   0x0000014c   Code   RO         3624    i.Show_time         ui.o
    0x08002b3c   0x000000c4   Code   RO         3625    i.Show_timing       ui.o
    0x08002c00   0x000000f0   Code   RO         3626    i.Show_use          ui.o
    0x08002cf0   0x00000028   Code   RO           21    i.SysTick_CLKSourceConfig  misc.o
    0x08002d18   0x00000010   Code   RO         3072    i.SysTick_Handler   stm32f10x_it.o
    0x08002d28   0x00000060   Code   RO         3151    i.SystemInit        system_stm32f10x.o
    0x08002d88   0x00000080   Code   RO         2285    i.TI1_Config        stm32f10x_tim.o
    0x08002e08   0x00000098   Code   RO         2286    i.TI2_Config        stm32f10x_tim.o
    0x08002ea0   0x00000090   Code   RO         2287    i.TI3_Config        stm32f10x_tim.o
    0x08002f30   0x00000098   Code   RO         2288    i.TI4_Config        stm32f10x_tim.o
    0x08002fc8   0x00000034   Code   RO         3787    i.TIM3_IRQHandler   pwm_in.o
    0x08002ffc   0x00000090   Code   RO         3789    i.TIM3_PWM_Init     pwm_in.o
    0x0800308c   0x000000a8   Code   RO         3790    i.TIM5_IN_Init      pwm_in.o
    0x08003134   0x0000008c   Code   RO         3791    i.TIM5_IRQHandler   pwm_in.o
    0x080031c0   0x00000018   Code   RO         2289    i.TIM_ARRPreloadConfig  stm32f10x_tim.o
    0x080031d8   0x00000006   Code   RO         2296    i.TIM_ClearITPendingBit  stm32f10x_tim.o
    0x080031de   0x00000018   Code   RO         2301    i.TIM_Cmd           stm32f10x_tim.o
    0x080031f6   0x00000022   Code   RO         2322    i.TIM_GetITStatus   stm32f10x_tim.o
    0x08003218   0x000000ac   Code   RO         2324    i.TIM_ICInit        stm32f10x_tim.o
    0x080032c4   0x00000012   Code   RO         2326    i.TIM_ITConfig      stm32f10x_tim.o
    0x080032d6   0x00000002   PAD
    0x080032d8   0x000000a0   Code   RO         2340    i.TIM_OC3Init       stm32f10x_tim.o
    0x08003378   0x00000012   Code   RO         2343    i.TIM_OC3PreloadConfig  stm32f10x_tim.o
    0x0800338a   0x00000012   Code   RO         2367    i.TIM_SetIC1Prescaler  stm32f10x_tim.o
    0x0800339c   0x0000001a   Code   RO         2368    i.TIM_SetIC2Prescaler  stm32f10x_tim.o
    0x080033b6   0x00000012   Code   RO         2369    i.TIM_SetIC3Prescaler  stm32f10x_tim.o
    0x080033c8   0x0000001a   Code   RO         2370    i.TIM_SetIC4Prescaler  stm32f10x_tim.o
    0x080033e2   0x00000002   PAD
    0x080033e4   0x000000a4   Code   RO         2372    i.TIM_TimeBaseInit  stm32f10x_tim.o
    0x08003488   0x0000001c   Code   RO         3317    i.USART1_IRQHandler  usart.o
    0x080034a4   0x00000018   Code   RO         2837    i.USART_Cmd         stm32f10x_usart.o
    0x080034bc   0x00000054   Code   RO         2841    i.USART_GetITStatus  stm32f10x_usart.o
    0x08003510   0x0000004a   Code   RO         2843    i.USART_ITConfig    stm32f10x_usart.o
    0x0800355a   0x00000002   PAD
    0x0800355c   0x000000d8   Code   RO         2844    i.USART_Init        stm32f10x_usart.o
    0x08003634   0x0000000a   Code   RO         2851    i.USART_ReceiveData  stm32f10x_usart.o
    0x0800363e   0x00000004   Code   RO         3073    i.UsageFault_Handler  stm32f10x_it.o
    0x08003642   0x00000028   Code   RO         4821    i.__ARM_fpclassify  m_ws.l(fpclassify.o)
    0x0800366a   0x00000002   PAD
    0x0800366c   0x000000cc   Code   RO         3830    i._init_            main.o
    0x08003738   0x00000006   Code   RO         3318    i._sys_exit         usart.o
    0x0800373e   0x00000002   PAD
    0x08003740   0x000000ec   Code   RO         3627    i.clear_cursor      ui.o
    0x0800382c   0x000001ac   Code   RO         3628    i.cursor            ui.o
    0x080039d8   0x0000005c   Code   RO         3189    i.delay_init        delay.o
    0x08003a34   0x00000044   Code   RO         3190    i.delay_ms          delay.o
    0x08003a78   0x0000004c   Code   RO         3191    i.delay_us          delay.o
    0x08003ac4   0x0000001c   Code   RO         3319    i.fputc             usart.o
    0x08003ae0   0x0000045c   Code   RO         3366    i.key_scan          key.o
    0x08003f3c   0x00000038   Code   RO         3831    i.main              main.o
    0x08003f74   0x00000098   Code   RO         4118    i.prvAddCurrentTaskToDelayedList  tasks.o
    0x0800400c   0x000000b8   Code   RO         4119    i.prvAddNewTaskToReadyList  tasks.o
    0x080040c4   0x00000064   Code   RO         4120    i.prvCheckTasksWaitingTermination  tasks.o
    0x08004128   0x00000012   Code   RO         4121    i.prvDeleteTCB      tasks.o
    0x0800413a   0x00000002   PAD
    0x0800413c   0x0000007c   Code   RO         4522    i.prvHeapInit       heap_4.o
    0x080041b8   0x00000028   Code   RO         4122    i.prvIdleTask       tasks.o
    0x080041e0   0x000000b4   Code   RO         4123    i.prvInitialiseNewTask  tasks.o
    0x08004294   0x00000068   Code   RO         4124    i.prvInitialiseTaskLists  tasks.o
    0x080042fc   0x00000068   Code   RO         4523    i.prvInsertBlockIntoFreeList  heap_4.o
    0x08004364   0x00000034   Code   RO         4126    i.prvResetNextTaskUnblockTime  tasks.o
    0x08004398   0x00000040   Code   RO         4446    i.prvTaskExitError  port.o
    0x080043d8   0x0000013c   Code   RO         4524    i.pvPortMalloc      heap_4.o
    0x08004514   0x00000024   Code   RO         4447    i.pxPortInitialiseStack  port.o
    0x08004538   0x0000004c   Code   RO         3512    i.show_num_32       gui.o
    0x08004584   0x00000094   Code   RO         3832    i.start_task        main.o
    0x08004618   0x0000006c   Code   RO         3629    i.time_show         ui.o
    0x08004684   0x000000a4   Code   RO         3320    i.uart_init         usart.o
    0x08004728   0x00000028   Code   RO         3861    i.uxListRemove      list.o
    0x08004750   0x0000001a   Code   RO         3862    i.vListInitialise   list.o
    0x0800476a   0x00000006   Code   RO         3863    i.vListInitialiseItem  list.o
    0x08004770   0x00000034   Code   RO         3864    i.vListInsert       list.o
    0x080047a4   0x00000018   Code   RO         3865    i.vListInsertEnd    list.o
    0x080047bc   0x00000054   Code   RO         4449    i.vPortEnterCritical  port.o
    0x08004810   0x0000003c   Code   RO         4450    i.vPortExitCritical  port.o
    0x0800484c   0x00000094   Code   RO         4525    i.vPortFree         heap_4.o
    0x080048e0   0x00000020   Code   RO         4451    i.vPortSetupTimerInterrupt  port.o
    0x08004900   0x0000005c   Code   RO         4137    i.vTaskDelay        tasks.o
    0x0800495c   0x000000f4   Code   RO         4138    i.vTaskDelete       tasks.o
    0x08004a50   0x00000088   Code   RO         4150    i.vTaskStartScheduler  tasks.o
    0x08004ad8   0x00000010   Code   RO         4152    i.vTaskSuspendAll   tasks.o
    0x08004ae8   0x0000008c   Code   RO         4153    i.vTaskSwitchContext  tasks.o
    0x08004b74   0x000000a0   Code   RO         4453    i.xPortStartScheduler  port.o
    0x08004c14   0x00000034   Code   RO         4454    i.xPortSysTickHandler  port.o
    0x08004c48   0x00000060   Code   RO         4155    i.xTaskCreate       tasks.o
    0x08004ca8   0x00000020   Code   RO         4159    i.xTaskGetSchedulerState  tasks.o
    0x08004cc8   0x00000148   Code   RO         4162    i.xTaskIncrementTick  tasks.o
    0x08004e10   0x00000104   Code   RO         4168    i.xTaskResumeAll    tasks.o
    0x08004f14   0x0000002c   Code   RO         4815    locale$$code        c_w.l(lc_numeric_c.o)
    0x08004f40   0x0000000c   Code   RO         4752    x$fpl$dretinf       fz_ws.l(dretinf.o)
    0x08004f4c   0x00000056   Code   RO         4710    x$fpl$f2d           fz_ws.l(f2d.o)
    0x08004fa2   0x00000002   PAD
    0x08004fa4   0x000000c4   Code   RO         4712    x$fpl$fadd          fz_ws.l(faddsub_clz.o)
    0x08005068   0x00000184   Code   RO         4719    x$fpl$fdiv          fz_ws.l(fdiv.o)
    0x080051ec   0x0000003e   Code   RO         4722    x$fpl$ffixu         fz_ws.l(ffixu.o)
    0x0800522a   0x00000002   PAD
    0x0800522c   0x00000026   Code   RO         4726    x$fpl$ffltu         fz_ws.l(fflt_clz.o)
    0x08005252   0x00000002   PAD
    0x08005254   0x00000102   Code   RO         4732    x$fpl$fmul          fz_ws.l(fmul.o)
    0x08005356   0x0000008c   Code   RO         4754    x$fpl$fnaninf       fz_ws.l(fnaninf.o)
    0x080053e2   0x0000000a   Code   RO         4756    x$fpl$fretinf       fz_ws.l(fretinf.o)
    0x080053ec   0x000000ea   Code   RO         4714    x$fpl$fsub          fz_ws.l(faddsub_clz.o)
    0x080054d6   0x00000004   Code   RO         4734    x$fpl$printf1       fz_ws.l(printf1.o)
    0x080054da   0x00000000   Code   RO         4758    x$fpl$usenofp       fz_ws.l(usenofp.o)
    0x080054da   0x00003354   Data   RO         3513    .constdata          gui.o
    0x0800882e   0x00000018   Data   RO         3696    .constdata          rtc.o
    0x08008846   0x00000002   PAD
    0x08008848   0x00000094   Data   RO         4786    .constdata          c_w.l(bigflt0.o)
    0x080088dc   0x00000020   Data   RO         4957    Region$$Table       anon$$obj.o
    0x080088fc   0x0000001c   Data   RO         4814    locale$$data        c_w.l(lc_numeric_c.o)


    Execution Region RW_IRAM1 (Base: 0x20000000, Size: 0x000044f0, Max: 0x0000c000, ABSOLUTE)

    Base Addr    Size         Type   Attr      Idx    E Section Name        Object

    0x20000000   0x00000014   Data   RW         1697    .data               stm32f10x_rcc.o
    0x20000014   0x00000014   Data   RW         3152    .data               system_stm32f10x.o
    0x20000028   0x00000004   Data   RW         3192    .data               delay.o
    0x2000002c   0x00000008   Data   RW         3225    .data               led.o
    0x20000034   0x00000006   Data   RW         3322    .data               usart.o
    0x2000003a   0x00000002   PAD
    0x2000003c   0x00000008   Data   RW         3368    .data               key.o
    0x20000044   0x00000027   Data   RW         3631    .data               ui.o
    0x2000006b   0x00000001   PAD
    0x2000006c   0x00000002   Data   RW         3697    .data               rtc.o
    0x2000006e   0x00000002   PAD
    0x20000070   0x00000011   Data   RW         3793    .data               pwm_in.o
    0x20000081   0x00000003   PAD
    0x20000084   0x00000004   Data   RW         3833    .data               main.o
    0x20000088   0x0000003c   Data   RW         4171    .data               tasks.o
    0x200000c4   0x0000000c   Data   RW         4455    .data               port.o
    0x200000d0   0x00000018   Data   RW         4530    .data               heap_4.o
    0x200000e8   0x00000028   Zero   RW         3367    .bss                key.o
    0x20000110   0x00000078   Zero   RW         3630    .bss                ui.o
    0x20000188   0x0000000a   Zero   RW         3695    .bss                rtc.o
    0x20000192   0x0000000a   Zero   RW         3792    .bss                pwm_in.o
    0x2000019c   0x000000f0   Zero   RW         4170    .bss                tasks.o
    0x2000028c   0x00003c00   Zero   RW         4529    .bss                heap_4.o
    0x20003e8c   0x00000060   Zero   RW         4824    .bss                c_w.l(libspace.o)
    0x20003eec   0x00000004   PAD
    0x20003ef0   0x00000200   Zero   RW         3183    HEAP                startup_stm32f10x_hd.o
    0x200040f0   0x00000400   Zero   RW         3182    STACK               startup_stm32f10x_hd.o


==============================================================================

Image component sizes


      Code (inc. data)   RO Data    RW Data    ZI Data      Debug   Object Name

         0          0          0          0          0       4560   core_cm3.o
       236         28          0          4          0       1827   delay.o
      1660         38      13140          0          0       8033   gui.o
       692         62          0         24      15360       7023   heap_4.o
      1174         56          0          8         40       3278   key.o
      1086         42          0          0          0       7533   lcd_driver.o
       296         52          0          8          0       3644   led.o
       148          0          0          0          0       4682   list.o
       408        142          0          4          0       1681   main.o
       172         22          0          0          0     257213   misc.o
       638         66          0         12          0       9944   port.o
       504         66          0         17         10       2885   pwm_in.o
         0          0          0          0          0       8044   queue.o
       902         36         24          2         10       5550   rtc.o
        64         26        304          0       1536        808   startup_stm32f10x_hd.o
        72         10          0          0          0       2584   stm32f10x_bkp.o
       304          0          0          0          0       3520   stm32f10x_gpio.o
        36          0          0          0          0      13395   stm32f10x_it.o
        12          6          0          0          0        490   stm32f10x_pwr.o
       428         58          0         20          0       6950   stm32f10x_rcc.o
       260         48          0          0          0       4924   stm32f10x_rtc.o
        84          0          0          0          0       2061   stm32f10x_spi.o
      1284        160          0          0          0      10875   stm32f10x_tim.o
       408          6          0          0          0       4810   stm32f10x_usart.o
       328         28          0         20          0       2277   system_stm32f10x.o
      2174        318          0         60        240      15916   tasks.o
      1964        242          0         39        120       6217   ui.o
       226         18          0          6          0       4124   usart.o

    ----------------------------------------------------------------------
     15588       1530      13502        232      17316     404848   Object Totals
         0          0         32          0          0          0   (incl. Generated)
        28          0          2          8          0          0   (incl. Padding)

    ----------------------------------------------------------------------

      Code (inc. data)   RO Data    RW Data    ZI Data      Debug   Library Member Name

         8          0          0          0          0         68   __main.o
       104          0          0          0          0         84   __printf.o
         0          0          0          0          0          0   __rtentry.o
        12          0          0          0          0          0   __rtentry2.o
         6          0          0          0          0          0   __rtentry4.o
        52          8          0          0          0          0   __scatter.o
        26          0          0          0          0          0   __scatter_copy.o
        28          0          0          0          0          0   __scatter_zi.o
        48          6          0          0          0         96   _printf_char_common.o
        36          4          0          0          0         80   _printf_char_file.o
         6          0          0          0          0          0   _printf_e.o
      1050          0          0          0          0        216   _printf_fp_dec.o
       128         16          0          0          0         84   _printf_fp_infnan.o
         0          0          0          0          0          0   _printf_percent.o
         4          0          0          0          0          0   _printf_percent_end.o
        10          0          0          0          0         68   _sputc.o
        16          0          0          0          0         68   aeabi_memset.o
       220          4        148          0          0         96   bigflt0.o
      1910        128          0          0          0        672   btod.o
        12          0          0          0          0         72   exit.o
         8          0          0          0          0         68   ferror.o
         6          0          0          0          0        152   heapauxi.o
        44         10         28          0          0         76   lc_numeric_c.o
         2          0          0          0          0          0   libinit.o
        18          0          0          0          0          0   libinit2.o
         2          0          0          0          0          0   libshutdown.o
         2          0          0          0          0          0   libshutdown2.o
         8          4          0          0         96         68   libspace.o
       138          0          0          0          0         80   lludiv10.o
        24          4          0          0          0         84   noretval__2printf.o
        40          6          0          0          0         84   noretval__2sprintf.o
         8          4          0          0          0         68   rt_locale_intlibspace.o
        68          0          0          0          0         68   rt_memclr.o
        78          0          0          0          0         80   rt_memclr_w.o
         2          0          0          0          0          0   rtexit.o
        10          0          0          0          0          0   rtexit2.o
       128          0          0          0          0         68   strcmpv7m.o
        74          0          0          0          0         80   sys_stackheap_outer.o
         2          0          0          0          0         68   use_no_semi.o
         2          0          0          0          0         68   use_no_semi_2.o
        12          0          0          0          0         68   dretinf.o
        86          4          0          0          0         84   f2d.o
       430          8          0          0          0        168   faddsub_clz.o
       388         76          0          0          0         96   fdiv.o
        62          4          0          0          0         84   ffixu.o
        38          0          0          0          0         68   fflt_clz.o
       258          4          0          0          0         84   fmul.o
       140          4          0          0          0         84   fnaninf.o
        10          0          0          0          0         68   fretinf.o
         4          0          0          0          0         68   printf1.o
         0          0          0          0          0          0   usenofp.o
        40          0          0          0          0         68   fpclassify.o

    ----------------------------------------------------------------------
      5830        294        176          0        100       3656   Library Totals
        22          0          0          0          4          0   (incl. Padding)

    ----------------------------------------------------------------------

      Code (inc. data)   RO Data    RW Data    ZI Data      Debug   Library Name

      4340        194        176          0         96       2716   c_w.l
      1428        100          0          0          0        872   fz_ws.l
        40          0          0          0          0         68   m_ws.l

    ----------------------------------------------------------------------
      5830        294        176          0        100       3656   Library Totals

    ----------------------------------------------------------------------

==============================================================================


      Code (inc. data)   RO Data    RW Data    ZI Data      Debug   

     21418       1824      13678        232      17416     398724   Grand Totals
     21418       1824      13678        232      17416     398724   ELF Image Totals
     21418       1824      13678        232          0          0   ROM Totals

==============================================================================

    Total RO  Size (Code + RO Data)                35096 (  34.27kB)
    Total RW  Size (RW Data + ZI Data)             17648 (  17.23kB)
    Total ROM Size (Code + RO Data + RW Data)      35328 (  34.50kB)

==============================================================================

